Component: ARM Compiler 5.06 update 7 (build 960) Tool: armlink [4d3601]

==============================================================================

Section Cross References

    startup_stm32f407xx.o(RESET) refers to startup_stm32f407xx.o(STACK) for __initial_sp
    startup_stm32f407xx.o(RESET) refers to startup_stm32f407xx.o(.text) for Reset_Handler
    startup_stm32f407xx.o(RESET) refers to stm32f4xx_it.o(i.NMI_Handler) for NMI_Handler
    startup_stm32f407xx.o(RESET) refers to stm32f4xx_it.o(i.HardFault_Handler) for HardFault_Handler
    startup_stm32f407xx.o(RESET) refers to stm32f4xx_it.o(i.MemManage_Handler) for MemManage_Handler
    startup_stm32f407xx.o(RESET) refers to stm32f4xx_it.o(i.BusFault_Handler) for BusFault_Handler
    startup_stm32f407xx.o(RESET) refers to stm32f4xx_it.o(i.UsageFault_Handler) for UsageFault_Handler
    startup_stm32f407xx.o(RESET) refers to port.o(.emb_text) for SVC_Handler
    startup_stm32f407xx.o(RESET) refers to stm32f4xx_it.o(i.DebugMon_Handler) for DebugMon_Handler
    startup_stm32f407xx.o(RESET) refers to stm32f4xx_it.o(i.SysTick_Handler) for SysTick_Handler
    startup_stm32f407xx.o(RESET) refers to stm32f4xx_it.o(i.DMA1_Stream0_IRQHandler) for DMA1_Stream0_IRQHandler
    startup_stm32f407xx.o(RESET) refers to stm32f4xx_it.o(i.DMA1_Stream1_IRQHandler) for DMA1_Stream1_IRQHandler
    startup_stm32f407xx.o(RESET) refers to stm32f4xx_it.o(i.DMA1_Stream3_IRQHandler) for DMA1_Stream3_IRQHandler
    startup_stm32f407xx.o(RESET) refers to stm32f4xx_it.o(i.DMA1_Stream5_IRQHandler) for DMA1_Stream5_IRQHandler
    startup_stm32f407xx.o(RESET) refers to stm32f4xx_it.o(i.DMA1_Stream6_IRQHandler) for DMA1_Stream6_IRQHandler
    startup_stm32f407xx.o(RESET) refers to stm32f4xx_it.o(i.TIM2_IRQHandler) for TIM2_IRQHandler
    startup_stm32f407xx.o(RESET) refers to stm32f4xx_it.o(i.TIM4_IRQHandler) for TIM4_IRQHandler
    startup_stm32f407xx.o(RESET) refers to stm32f4xx_it.o(i.USART1_IRQHandler) for USART1_IRQHandler
    startup_stm32f407xx.o(RESET) refers to stm32f4xx_it.o(i.USART2_IRQHandler) for USART2_IRQHandler
    startup_stm32f407xx.o(RESET) refers to stm32f4xx_it.o(i.USART3_IRQHandler) for USART3_IRQHandler
    startup_stm32f407xx.o(RESET) refers to stm32f4xx_it.o(i.SPI3_IRQHandler) for SPI3_IRQHandler
    startup_stm32f407xx.o(RESET) refers to stm32f4xx_it.o(i.UART5_IRQHandler) for UART5_IRQHandler
    startup_stm32f407xx.o(RESET) refers to stm32f4xx_it.o(i.DMA2_Stream2_IRQHandler) for DMA2_Stream2_IRQHandler
    startup_stm32f407xx.o(RESET) refers to stm32f4xx_it.o(i.DMA2_Stream7_IRQHandler) for DMA2_Stream7_IRQHandler
    startup_stm32f407xx.o(.text) refers to system_stm32f4xx.o(i.SystemInit) for SystemInit
    startup_stm32f407xx.o(.text) refers to entry.o(.ARM.Collect$$$$00000000) for __main
    main.o(i.HAL_TIM_PeriodElapsedCallback) refers to xt_task.o(i.DataCollect) for DataCollect
    main.o(i.HAL_TIM_PeriodElapsedCallback) refers to ztn_mqtt.o(i.ZTN_MQTT_ENCODE) for ZTN_MQTT_ENCODE
    main.o(i.HAL_TIM_PeriodElapsedCallback) refers to tim.o(.bss) for htim2
    main.o(i.HAL_UART_RxCpltCallback) refers to modbus.o(i.ModbusParse) for ModbusParse
    main.o(i.HAL_UART_RxCpltCallback) refers to memseta.o(.text) for __aeabi_memclr
    main.o(i.HAL_UART_RxCpltCallback) refers to printfa.o(i.__0printf) for __2printf
    main.o(i.HAL_UART_RxCpltCallback) refers to main.o(.data) for .data
    main.o(i.HAL_UART_RxCpltCallback) refers to main.o(.bss) for .bss
    main.o(i.SystemClock_Config) refers to memseta.o(.text) for __aeabi_memclr4
    main.o(i.SystemClock_Config) refers to stm32f4xx_hal_rcc.o(i.HAL_RCC_OscConfig) for HAL_RCC_OscConfig
    main.o(i.SystemClock_Config) refers to stm32f4xx_hal_rcc.o(i.HAL_RCC_ClockConfig) for HAL_RCC_ClockConfig
    main.o(i.main) refers to stm32f4xx_hal.o(i.HAL_Init) for HAL_Init
    main.o(i.main) refers to main.o(i.SystemClock_Config) for SystemClock_Config
    main.o(i.main) refers to gpio.o(i.MX_GPIO_Init) for MX_GPIO_Init
    main.o(i.main) refers to dma.o(i.MX_DMA_Init) for MX_DMA_Init
    main.o(i.main) refers to spi.o(i.MX_SPI3_Init) for MX_SPI3_Init
    main.o(i.main) refers to usart.o(i.MX_USART1_UART_Init) for MX_USART1_UART_Init
    main.o(i.main) refers to usart.o(i.MX_USART2_UART_Init) for MX_USART2_UART_Init
    main.o(i.main) refers to usart.o(i.MX_USART3_UART_Init) for MX_USART3_UART_Init
    main.o(i.main) refers to usart.o(i.MX_UART5_Init) for MX_UART5_Init
    main.o(i.main) refers to adc.o(i.MX_ADC1_Init) for MX_ADC1_Init
    main.o(i.main) refers to dac.o(i.MX_DAC_Init) for MX_DAC_Init
    main.o(i.main) refers to tim.o(i.MX_TIM2_Init) for MX_TIM2_Init
    main.o(i.main) refers to tim.o(i.MX_TIM4_Init) for MX_TIM4_Init
    main.o(i.main) refers to board_config.o(i.isFirstBoot) for isFirstBoot
    main.o(i.main) refers to printfa.o(i.__0printf) for __2printf
    main.o(i.main) refers to board_config.o(i.Board_config_init) for Board_config_init
[...]
    UART5_IRQHandler                         0x08005491   Thumb Code    58  stm32f4xx_it.o(i.UART5_IRQHandler)
    UART_Start_Receive_DMA                   0x08005805   Thumb Code   134  stm32f4xx_hal_uart.o(i.UART_Start_Receive_DMA)
    UART_Start_Receive_IT                    0x08005899   Thumb Code    58  stm32f4xx_hal_uart.o(i.UART_Start_Receive_IT)
    USART1_IRQHandler                        0x0800594d   Thumb Code    68  stm32f4xx_it.o(i.USART1_IRQHandler)
    USART2_IRQHandler                        0x080059a9   Thumb Code    64  stm32f4xx_it.o(i.USART2_IRQHandler)
    USART3_IRQHandler                        0x080059f5   Thumb Code    74  stm32f4xx_it.o(i.USART3_IRQHandler)
    UsageFault_Handler                       0x08005a5d   Thumb Code     2  stm32f4xx_it.o(i.UsageFault_Handler)
    Usart_Config_init                        0x08005a61   Thumb Code    36  board_config.o(i.Usart_Config_init)
    W5500_ChipInit                           0x08005a89   Thumb Code    92  wizchip_conf.o(i.W5500_ChipInit)
    W5500_RESET                              0x08005b0d   Thumb Code    40  wizchip_conf.o(i.W5500_RESET)
    W5500_Tcp_client                         0x08005b39   Thumb Code   186  socket.o(i.W5500_Tcp_client)
    WIZCHIP_READ                             0x08005c6d   Thumb Code    84  w5500.o(i.WIZCHIP_READ)
    WIZCHIP_READ_BUF                         0x08005cc5   Thumb Code   112  w5500.o(i.WIZCHIP_READ_BUF)
    WIZCHIP_WRITE                            0x08005d39   Thumb Code    90  w5500.o(i.WIZCHIP_WRITE)
    WIZCHIP_WRITE_BUF                        0x08005d99   Thumb Code   108  w5500.o(i.WIZCHIP_WRITE_BUF)
    ZTN_MQTT_ENCODE                          0x08005e09   Thumb Code   404  ztn_mqtt.o(i.ZTN_MQTT_ENCODE)
    __0printf                                0x08006065   Thumb Code    22  printfa.o(i.__0printf)
    __1printf                                0x08006065   Thumb Code     0  printfa.o(i.__0printf)
    __2printf                                0x08006065   Thumb Code     0  printfa.o(i.__0printf)
    __c89printf                              0x08006065   Thumb Code     0  printfa.o(i.__0printf)
    printf                                   0x08006065   Thumb Code     0  printfa.o(i.__0printf)
    __0sprintf                               0x08006085   Thumb Code    34  printfa.o(i.__0sprintf)
    __1sprintf                               0x08006085   Thumb Code     0  printfa.o(i.__0sprintf)
    __2sprintf                               0x08006085   Thumb Code     0  printfa.o(i.__0sprintf)
    __c89sprintf                             0x08006085   Thumb Code     0  printfa.o(i.__0sprintf)
    sprintf                                  0x08006085   Thumb Code     0  printfa.o(i.__0sprintf)
    __ARM_fpclassify                         0x080060ad   Thumb Code    48  fpclassify.o(i.__ARM_fpclassify)
    __aeabi_errno_addr                       0x080060fd   Thumb Code     4  errno.o(i.__aeabi_errno_addr)
    __rt_errno_addr                          0x080060fd   Thumb Code     0  errno.o(i.__aeabi_errno_addr)
    __hardfp_fabs                            0x08006105   Thumb Code    20  fabs.o(i.__hardfp_fabs)
    __hardfp_floor                           0x08006119   Thumb Code   252  floor.o(i.__hardfp_floor)
    __hardfp_pow                             0x08006231   Thumb Code  3072  pow.o(i.__hardfp_pow)
    __kernel_poly                            0x08006e81   Thumb Code   248  poly.o(i.__kernel_poly)
    __mathlib_dbl_divzero                    0x08006f79   Thumb Code    28  dunder.o(i.__mathlib_dbl_divzero)
    __mathlib_dbl_infnan2                    0x08006fa9   Thumb Code    20  dunder.o(i.__mathlib_dbl_infnan2)
    __mathlib_dbl_invalid                    0x08006fc1   Thumb Code    24  dunder.o(i.__mathlib_dbl_invalid)
    __mathlib_dbl_overflow                   0x08006fe1   Thumb Code    24  dunder.o(i.__mathlib_dbl_overflow)
    __mathlib_dbl_underflow                  0x08007001   Thumb Code    24  dunder.o(i.__mathlib_dbl_underflow)
    __scatterload_copy                       0x08007021   Thumb Code    14  handlers.o(i.__scatterload_copy)
    __scatterload_null                       0x0800702f   Thumb Code     2  handlers.o(i.__scatterload_null)
    __scatterload_zeroinit                   0x08007031   Thumb Code    14  handlers.o(i.__scatterload_zeroinit)
    __set_errno                              0x08007041   Thumb Code     6  errno.o(i.__set_errno)
    atoi16                                   0x080078e1   Thumb Code    30  utility.o(i.atoi16)
    board_config_set                         0x08007901   Thumb Code    72  board_config_set.o(i.board_config_set)
    bufchar                                  0x08007979   Thumb Code    30  mqttpacket.o(i.bufchar)
    c2d                                      0x0800799d   Thumb Code    38  utility.o(i.c2d)
    cJSON_AddItemToArray                     0x080079c3   Thumb Code    28  cjson.o(i.cJSON_AddItemToArray)
    cJSON_AddItemToObject                    0x080079e1   Thumb Code    42  cjson.o(i.cJSON_AddItemToObject)
    cJSON_CreateArray                        0x08007a11   Thumb Code    16  cjson.o(i.cJSON_CreateArray)
    cJSON_CreateNumber                       0x08007a21   Thumb Code    48  cjson.o(i.cJSON_CreateNumber)
    cJSON_CreateObject                       0x08007a51   Thumb Code    16  cjson.o(i.cJSON_CreateObject)
    cJSON_CreateString                       0x08007a61   Thumb Code    28  cjson.o(i.cJSON_CreateString)
    cJSON_Delete                             0x08007a7d   Thumb Code    66  cjson.o(i.cJSON_Delete)
    cJSON_GetObjectItem                      0x08007ac5   Thumb Code    28  cjson.o(i.cJSON_GetObjectItem)
    cJSON_Parse                              0x08007afd   Thumb Code     8  cjson.o(i.cJSON_Parse)
    cJSON_ParseWithOpts                      0x08007b05   Thumb Code    92  cjson.o(i.cJSON_ParseWithOpts)
    cJSON_Print                              0x08007b65   Thumb Code    10  cjson.o(i.cJSON_Print)
    cgi_ipconfig                             0x08007bd9   Thumb Code   316  httputil.o(i.cgi_ipconfig)
    cgi_uartconfig                           0x08007d7d   Thumb Code   178  httputil.o(i.cgi_uartconfig)
    close                                    0x08007e81   Thumb Code   108  socket.o(i.close)
    configHandler                            0x08007ef5   Thumb Code    78  board_config_set.o(i.configHandler)
    configRecv                               0x08007f4d   Thumb Code   122  board_config_set.o(i.configRecv)
    connect                                  0x08008071   Thumb Code   288  socket.o(i.connect)
    connectMqtt                              0x08008195   Thumb Code   180  mqtt_api.o(i.connectMqtt)
    ctlnetwork                               0x080082c1   Thumb Code    76  wizchip_conf.o(i.ctlnetwork)
    ctlwizchip                               0x0800830d   Thumb Code   230  wizchip_conf.o(i.ctlwizchip)
    dealPublish                              0x080083f9   Thumb Code    90  mqtt_api.o(i.dealPublish)
    delay_ms                                 0x08008481   Thumb Code    24  delay.o(i.delay_ms)
    delay_us                                 0x08008499   Thumb Code    32  delay.o(i.delay_us)
    disconnect                               0x080084b9   Thumb Code   134  socket.o(i.disconnect)
    do_https                                 0x08008545   Thumb Code   152  httputil.o(i.do_https)
    do_mqtt                                  0x080085e1   Thumb Code   186  mqtt_api.o(i.do_mqtt)
    ec800n_uart_send                         0x080086ad   Thumb Code    20  xt_task.o(i.ec800n_uart_send)
    fabs                                     0x08008735   Thumb Code    24  fabs.o(i.fabs)
    fputc                                    0x0800874d   Thumb Code    20  usart.o(i.fputc)
    free                                     0x08008765   Thumb Code    76  malloc.o(i.free)
    getModbusCRC16                           0x080087b5   Thumb Code    52  rs485.o(i.getModbusCRC16)
    getSn_RX_RSR                             0x080087e9   Thumb Code    76  w5500.o(i.getSn_RX_RSR)
    getSn_TX_FSR                             0x08008835   Thumb Code    76  w5500.o(i.getSn_TX_FSR)
    get_http_param_value                     0x08008881   Thumb Code   158  http_server.o(i.get_http_param_value)
    handler_1                                0x08008949   Thumb Code     6  config_handle_task.o(i.handler_1)
    handler_2                                0x08008959   Thumb Code     6  config_handle_task.o(i.handler_2)
    handler_3                                0x08008969   Thumb Code    22  config_handle_task.o(i.handler_3)
    inet_addr_                               0x080089a1   Thumb Code    64  utility.o(i.inet_addr_)
    init_Net                                 0x080089e5   Thumb Code    16  xt_task.o(i.init_Net)
    isFirstBoot                              0x08008a0d   Thumb Code    26  board_config.o(i.isFirstBoot)
    js_tasknet                               0x08008a29   Thumb Code   130  httputil.o(i.js_tasknet)
    listen                                   0x08008b0d   Thumb Code   112  socket.o(i.listen)
    main                                     0x08008b7d   Thumb Code   124  main.o(i.main)
    make_http_response_head                  0x08008f41   Thumb Code   116  http_server.o(i.make_http_response_head)
    malloc                                   0x08009131   Thumb Code    92  malloc.o(i.malloc)
    mid                                      0x0800919d   Thumb Code    54  utility.o(i.mid)
    modbus_send                              0x080091d5   Thumb Code   206  xt_task.o(i.modbus_send)
    mqtt_decode_msg                          0x080092c9   Thumb Code    12  mqtt_api.o(i.mqtt_decode_msg)
    mqtt_rechandle                           0x080092d5   Thumb Code   408  mqtt_api.o(i.mqtt_rechandle)
    osKernelStart                            0x080095ad   Thumb Code    10  cmsis_os.o(i.osKernelStart)
    osThreadCreate                           0x080095b7   Thumb Code    84  cmsis_os.o(i.osThreadCreate)
    parse_http_request                       0x0800972d   Thumb Code   136  http_server.o(i.parse_http_request)
    pingMqtt                                 0x08009c61   Thumb Code   132  mqtt_api.o(i.pingMqtt)
    proc_http                                0x0800a699   Thumb Code  2284  httputil.o(i.proc_http)
    publishMqtt                              0x0800b335   Thumb Code   162  mqtt_api.o(i.publishMqtt)
    pvPortMalloc                             0x0800b44d   Thumb Code   216  heap_4.o(i.pvPortMalloc)
    pxPortInitialiseStack                    0x0800b529   Thumb Code    40  port.o(i.pxPortInitialiseStack)
    readChar                                 0x0800b555   Thumb Code    12  mqttpacket.o(i.readChar)
    readConfig                               0x0800b561   Thumb Code    18  board_config.o(i.readConfig)
    readInt                                  0x0800b57d   Thumb Code    18  mqttpacket.o(i.readInt)
    readMQTTLenString                        0x0800b58f   Thumb Code    52  mqttpacket.o(i.readMQTTLenString)
    recv                                     0x0800b5c5   Thumb Code   224  socket.o(i.recv)
    reg_wizchip_cris_cbfunc                  0x0800b6a9   Thumb Code    22  wizchip_conf.o(i.reg_wizchip_cris_cbfunc)
    reg_wizchip_cs_cbfunc                    0x0800b6cd   Thumb Code    22  wizchip_conf.o(i.reg_wizchip_cs_cbfunc)
    reg_wizchip_spi_cbfunc                   0x0800b6f1   Thumb Code    30  wizchip_conf.o(i.reg_wizchip_spi_cbfunc)
    replacetochar                            0x0800b71d   Thumb Code    22  utility.o(i.replacetochar)
    saveConfig                               0x0800b735   Thumb Code    40  board_config.o(i.saveConfig)
    send                                     0x0800b791   Thumb Code   278  socket.o(i.send)
    socket                                   0x0800b8c1   Thumb Code   276  socket.o(i.socket)
    sqrt                                     0x0800b9dd   Thumb Code   110  sqrt.o(i.sqrt)
    strHandler                               0x0800ba4d   Thumb Code    30  config_handle_task.o(i.strHandler)
    subscribMqtt                             0x0800ba71   Thumb Code   166  mqtt_api.o(i.subscribMqtt)
    unescape_http_url                        0x0800bb8d   Thumb Code    64  http_server.o(i.unescape_http_url)
    uxListRemove                             0x0800bbe9   Thumb Code    38  list.o(i.uxListRemove)
    vApplicationGetIdleTaskMemory            0x0800bc11   Thumb Code    16  freertos.o(i.vApplicationGetIdleTaskMemory)
    vListInitialise                          0x0800bc25   Thumb Code    22  list.o(i.vListInitialise)
    vListInitialiseItem                      0x0800bc3b   Thumb Code     6  list.o(i.vListInitialiseItem)
    vListInsertEnd                           0x0800bc41   Thumb Code    24  list.o(i.vListInsertEnd)
    vPortEnterCritical                       0x0800bc59   Thumb Code    54  port.o(i.vPortEnterCritical)
    vPortExitCritical                        0x0800bc99   Thumb Code    34  port.o(i.vPortExitCritical)
    vPortFree                                0x0800bcc1   Thumb Code    94  heap_4.o(i.vPortFree)
    vPortSetupTimerInterrupt                 0x0800bd25   Thumb Code    32  port.o(i.vPortSetupTimerInterrupt)
    vTaskStartScheduler                      0x0800bd49   Thumb Code    90  tasks.o(i.vTaskStartScheduler)
    vTaskSuspendAll                          0x0800bdb5   Thumb Code    10  tasks.o(i.vTaskSuspendAll)
    vTaskSwitchContext                       0x0800bdc5   Thumb Code    82  tasks.o(i.vTaskSwitchContext)
    wiz_recv_data                            0x0800be21   Thumb Code    96  w5500.o(i.wiz_recv_data)
    wiz_send_data                            0x0800be81   Thumb Code    96  w5500.o(i.wiz_send_data)
    wizchip_bus_readdata                     0x0800bee1   Thumb Code     4  wizchip_conf.o(i.wizchip_bus_readdata)
    wizchip_bus_writedata                    0x0800bee5   Thumb Code     4  wizchip_conf.o(i.wizchip_bus_writedata)
    wizchip_clrinterrupt                     0x0800bee9   Thumb Code    58  wizchip_conf.o(i.wizchip_clrinterrupt)
    wizchip_cris_enter                       0x0800bf23   Thumb Code     2  wizchip_conf.o(i.wizchip_cris_enter)
    wizchip_cris_exit                        0x0800bf25   Thumb Code     2  wizchip_conf.o(i.wizchip_cris_exit)
    wizchip_cs_deselect                      0x0800bf27   Thumb Code     2  wizchip_conf.o(i.wizchip_cs_deselect)
    wizchip_cs_select                        0x0800bf29   Thumb Code     2  wizchip_conf.o(i.wizchip_cs_select)
    wizchip_getinterrupt                     0x0800bf2b   Thumb Code    30  wizchip_conf.o(i.wizchip_getinterrupt)
    wizchip_getinterruptmask                 0x0800bf49   Thumb Code    28  wizchip_conf.o(i.wizchip_getinterruptmask)
    wizchip_getnetinfo                       0x0800bf65   Thumb Code    82  wizchip_conf.o(i.wizchip_getnetinfo)
    wizchip_getnetmode                       0x0800bfbd   Thumb Code     6  wizchip_conf.o(i.wizchip_getnetmode)
    wizchip_gettimeout                       0x0800bfc3   Thumb Code    40  wizchip_conf.o(i.wizchip_gettimeout)
    wizchip_init                             0x0800bfeb   Thumb Code   122  wizchip_conf.o(i.wizchip_init)
    wizchip_setinterruptmask                 0x0800c065   Thumb Code    28  wizchip_conf.o(i.wizchip_setinterruptmask)
    wizchip_setnetinfo                       0x0800c081   Thumb Code    82  wizchip_conf.o(i.wizchip_setnetinfo)
    wizchip_setnetmode                       0x0800c0d9   Thumb Code    36  wizchip_conf.o(i.wizchip_setnetmode)
    wizchip_settimeout                       0x0800c0fd   Thumb Code    40  wizchip_conf.o(i.wizchip_settimeout)
    wizchip_spi_readbyte                     0x0800c125   Thumb Code     4  wizchip_conf.o(i.wizchip_spi_readbyte)
    wizchip_spi_writebyte                    0x0800c129   Thumb Code     2  wizchip_conf.o(i.wizchip_spi_writebyte)
    wizchip_sw_reset                         0x0800c12b   Thumb Code   116  wizchip_conf.o(i.wizchip_sw_reset)
    wizphy_getphyconf                        0x0800c19f   Thumb Code    78  wizchip_conf.o(i.wizphy_getphyconf)
    wizphy_getphylink                        0x0800c1ed   Thumb Code    22  wizchip_conf.o(i.wizphy_getphylink)
    wizphy_getphypmode                       0x0800c203   Thumb Code    26  wizchip_conf.o(i.wizphy_getphypmode)
    wizphy_reset                             0x0800c21d   Thumb Code    42  wizchip_conf.o(i.wizphy_reset)
    wizphy_setphyconf                        0x0800c247   Thumb Code    74  wizchip_conf.o(i.wizphy_setphyconf)
    wizphy_setphypmode                       0x0800c291   Thumb Code    80  wizchip_conf.o(i.wizphy_setphypmode)
    writeCString                             0x0800c2e1   Thumb Code    40  mqttpacket.o(i.writeCString)
    writeChar                                0x0800c309   Thumb Code    12  mqttpacket.o(i.writeChar)
    writeInt                                 0x0800c315   Thumb Code    30  mqttpacket.o(i.writeInt)
    writeMQTTString                          0x0800c333   Thumb Code    54  mqttpacket.o(i.writeMQTTString)
    xPortStartScheduler                      0x0800c369   Thumb Code   222  port.o(i.xPortStartScheduler)
    xPortSysTickHandler                      0x0800c45d   Thumb Code    38  port.o(i.xPortSysTickHandler)
    xTaskCreate                              0x0800c489   Thumb Code    90  tasks.o(i.xTaskCreate)
    xTaskCreateStatic                        0x0800c4e3   Thumb Code    86  tasks.o(i.xTaskCreateStatic)
    xTaskGetSchedulerState                   0x0800c539   Thumb Code    22  tasks.o(i.xTaskGetSchedulerState)
    xTaskIncrementTick                       0x0800c555   Thumb Code   194  tasks.o(i.xTaskIncrementTick)
    xTaskResumeAll                           0x0800c621   Thumb Code   182  tasks.o(i.xTaskResumeAll)
    xt_task_init                             0x0800c6e5   Thumb Code    48  xt_task.o(i.xt_task_init)
    AHBPrescTable                            0x0800c764   Data          16  system_stm32f4xx.o(.constdata)
    APBPrescTable                            0x0800c774   Data           8  system_stm32f4xx.o(.constdata)
    __mathlib_zero                           0x0800d128   Data           8  qnan.o(.constdata)
    __ctype_table                            0x0800d130   Data         129  ctype_o.o(.constdata)
    Region$$Table$$Base                      0x08026ca8   Number         0  anon$$obj.o(Region$$Table)
    Region$$Table$$Limit                     0x08026cc8   Number         0  anon$$obj.o(Region$$Table)
    mem3base                                 0x10000000   Data       61440  malloc.o(.ARM.__AT_0x10000000)
    mem3mapbase                              0x1000f000   Data        3840  malloc.o(.ARM.__AT_0x1000F000)
    Uart_4g_End                              0x20000000   Data           1  main.o(.data)
    USART3_RX_END_FLAG                       0x20000001   Data           1  main.o(.data)
    web_wait_flag                            0x20000002   Data           1  main.o(.data)
    tim_count                                0x20000004   Data           4  main.o(.data)
    modbus_send_buf                          0x20000008   Data          72  main.o(.data)
    defaultTaskHandle                        0x20000050   Data           4  freertos.o(.data)
    DataTaskHandle                           0x20000054   Data           4  freertos.o(.data)
    uart1_recv_end_flag                      0x20000058   Data           1  stm32f4xx_it.o(.data)
    uart2_recv_end_flag                      0x20000059   Data           1  stm32f4xx_it.o(.data)
    uart3_recv_end_flag                      0x2000005a   Data           1  stm32f4xx_it.o(.data)
    uart5_recv_end_flag                      0x2000005b   Data           1  stm32f4xx_it.o(.data)
    uart1_rx_len                             0x2000005c   Data           2  stm32f4xx_it.o(.data)
    uart2_rx_len                             0x2000005e   Data           2  stm32f4xx_it.o(.data)
    uart3_rx_len                             0x20000060   Data           2  stm32f4xx_it.o(.data)
    uart5_rx_len                             0x20000062   Data           2  stm32f4xx_it.o(.data)
    uwTickFreq                               0x20000064   Data           1  stm32f4xx_hal.o(.data)
    uwTickPrio                               0x20000068   Data           4  stm32f4xx_hal.o(.data)
    uwTick                                   0x2000006c   Data           4  stm32f4xx_hal.o(.data)
    SystemCoreClock                          0x20000070   Data           4  system_stm32f4xx.o(.data)
    pxCurrentTCB                             0x20000074   Data           4  tasks.o(.data)
    write_len                                0x200000e8   Data           4  httputil.o(.data)
    DataOffset                               0x20000104   Data           4  httputil.o(.data)
    FilenameOffset                           0x20000108   Data           4  httputil.o(.data)
    DstPort                                  0x2000011a   Data           2  socket.o(.data)
    len                                      0x2000011c   Data           2  socket.o(.data)
    DstIP                                    0x2000011e   Data           4  socket.o(.data)
    sock_pack_info                           0x20000122   Data           8  socket.o(.data)
    WIZCHIP                                  0x20000134   Data          44  wizchip_conf.o(.data)
    gWIZNETINFO                              0x20000160   Data          23  wizchip_conf.o(.data)
    cleansession                             0x20000188   Data           4  mqtt_api.o(.data)
    buflen                                   0x2000018c   Data           4  mqtt_api.o(.data)
    my_flag                                  0x20000194   Data           4  modbus.o(.data)
    cnt_flag                                 0x20000198   Data           1  xt_task.o(.data)
    sub_flag                                 0x20000199   Data           1  xt_task.o(.data)
    pub_flag                                 0x2000019a   Data           1  xt_task.o(.data)
    time                                     0x2000019c   Data           2  xt_task.o(.data)
    mqqtbuf                                  0x200001b0   Data           8  xt_task.o(.data)
    Local_ip                                 0x200001bc   Data           4  board_config.o(.data)
    Local_nm                                 0x200001c0   Data           4  board_config.o(.data)
    Local_gw                                 0x200001c4   Data           4  board_config.o(.data)
    Mqtt_sip                                 0x200001c8   Data           4  board_config.o(.data)
    Mqtt_sPort                               0x200001cc   Data           4  board_config.o(.data)
    Mqtt_lPort                               0x200001d0   Data           4  board_config.o(.data)
    Mqtt_keepalive                           0x200001d4   Data           4  board_config.o(.data)
    Tcp_Client_dest_ip                       0x200001d8   Data           4  board_config.o(.data)
    Tcp_Client_dest_port                     0x200001dc   Data           4  board_config.o(.data)
    Mqtt_pubTopic                            0x200001e0   Data         256  board_config.o(.data)
    Mqtt_subTopic                            0x200002e0   Data         256  board_config.o(.data)
    Mqtt_ClientId                            0x200003e0   Data         256  board_config.o(.data)
    Mqtt_Username                            0x200004e0   Data         256  board_config.o(.data)
    mqtt_Password                            0x200005e0   Data         256  board_config.o(.data)
    __stdout                                 0x200006e4   Data           4  stdout.o(.data)
    __microlib_freelist                      0x200006e8   Data           4  mvars.o(.data)
    __microlib_freelist_initialised          0x200006ec   Data           4  mvars.o(.data)
    RS485_2_BUFF                             0x200006f4   Data          70  main.o(.bss)
    RECV_4G_BUFF                             0x2000073a   Data         512  main.o(.bss)
    hadc1                                    0x20000b90   Data          72  adc.o(.bss)
    hdac                                     0x20000bd8   Data          20  dac.o(.bss)
    hspi3                                    0x20000bec   Data          88  spi.o(.bss)
    htim2                                    0x20000c44   Data          72  tim.o(.bss)
    htim4                                    0x20000c8c   Data          72  tim.o(.bss)
    huart5                                   0x20000cd4   Data          68  usart.o(.bss)
    huart1                                   0x20000d18   Data          68  usart.o(.bss)
    huart2                                   0x20000d5c   Data          68  usart.o(.bss)
    huart3                                   0x20000da0   Data          68  usart.o(.bss)
    hdma_uart5_rx                            0x20000de4   Data          96  usart.o(.bss)
    hdma_usart1_rx                           0x20000e44   Data          96  usart.o(.bss)
    hdma_usart1_tx                           0x20000ea4   Data          96  usart.o(.bss)
    hdma_usart2_rx                           0x20000f04   Data          96  usart.o(.bss)
    hdma_usart2_tx                           0x20000f64   Data          96  usart.o(.bss)
    hdma_usart3_rx                           0x20000fc4   Data          96  usart.o(.bss)
    hdma_usart3_tx                           0x20001024   Data          96  usart.o(.bss)
    tx_buf                                   0x20004d74   Data        1460  http_server.o(.bss)
    rx_buf                                   0x20005328   Data        1460  http_server.o(.bss)
    pub_buf                                  0x200058dc   Data        1024  http_server.o(.bss)
    gDATABUF                                 0x20005cec   Data        2048  socket.o(.bss)
    ConfigMsg                                0x200064ec   Data          28  w5500_conf.o(.bss)
    buf                                      0x20006508   Data        1024  mqtt_api.o(.bss)
    ztn_data                                 0x20006908   Data        8848  ztn_mqtt.o(.bss)
    XT_config                                0x20008b98   Data        7984  board_config.o(.bss)
    config_buff                              0x2000aac8   Data         100  board_config_set.o(.bss)
    uart1_recv_buf                           0x2000ab2c   Data         256  board_config_set.o(.bss)
    __heap_base                              0x2000ac30   Data           0  startup_stm32f407xx.o(HEAP)
    __heap_limit                             0x2000ec30   Data           0  startup_stm32f407xx.o(HEAP)
    __initial_sp                             0x20012c30   Data           0  startup_stm32f407xx.o(STACK)
    mem2base                                 0xc01f4000   Data       29605888  malloc.o(.ARM.__AT_0xC01F4000)
    mem2mapbase                              0xc1e30000   Data       1850368  malloc.o(.ARM.__AT_0xC1E30000)



==============================================================================

Memory Map of the image

  Image Entry point : 0x08000189

  Load Region LR_IROM1 (Base: 0x08000000, Size: 0x000273bc, Max: 0x00100000, ABSOLUTE, COMPRESSED[0x00026e00])

    Execution Region ER_IROM1 (Exec base: 0x08000000, Load base: 0x08000000, Size: 0x00026cc8, Max: 0x00100000, ABSOLUTE)

    Exec Addr    Load Addr    Size         Type   Attr      Idx    E Section Name        Object

    0x08000000   0x08000000   0x00000188   Data   RO            3    RESET               startup_stm32f407xx.o
    0x08000188   0x08000188   0x00000000   Code   RO         8135  * .ARM.Collect$$$$00000000  mc_w.l(entry.o)
    0x08000188   0x08000188   0x00000004   Code   RO         8512    .ARM.Collect$$$$00000001  mc_w.l(entry2.o)
    0x0800018c   0x0800018c   0x00000004   Code   RO         8515    .ARM.Collect$$$$00000004  mc_w.l(entry5.o)
    0x08000190   0x08000190   0x00000000   Code   RO         8517    .ARM.Collect$$$$00000008  mc_w.l(entry7b.o)
    0x08000190   0x08000190   0x00000000   Code   RO         8519    .ARM.Collect$$$$0000000A  mc_w.l(entry8b.o)
    0x08000190   0x08000190   0x00000008   Code   RO         8520    .ARM.Collect$$$$0000000B  mc_w.l(entry9a.o)
    0x08000198   0x08000198   0x00000004   Code   RO         8527    .ARM.Collect$$$$0000000E  mc_w.l(entry12b.o)
    0x0800019c   0x0800019c   0x00000000   Code   RO         8522    .ARM.Collect$$$$0000000F  mc_w.l(entry10a.o)
    0x0800019c   0x0800019c   0x00000000   Code   RO         8524    .ARM.Collect$$$$00000011  mc_w.l(entry11a.o)
    0x0800019c   0x0800019c   0x00000004   Code   RO         8513    .ARM.Collect$$$$00002712  mc_w.l(entry2.o)
    0x080001a0   0x080001a0   0x000000be   Code   RO         5442    .emb_text           port.o
    0x0800025e   0x0800025e   0x00000002   PAD
    0x08000260   0x08000260   0x00000024   Code   RO            4    .text               startup_stm32f407xx.o
    0x08000284   0x08000284   0x00000062   Code   RO         8138    .text               mc_w.l(uldiv.o)
    0x080002e6   0x080002e6   0x0000000c   Code   RO         8140    .text               mc_w.l(tolower.o)
    0x080002f2   0x080002f2   0x00000024   Code   RO         8142    .text               mc_w.l(memcpya.o)
    0x08000316   0x08000316   0x00000024   Code   RO         8146    .text               mc_w.l(memseta.o)
    0x0800033a   0x0800033a   0x00000018   Code   RO         8148    .text               mc_w.l(strcat.o)
    0x08000352   0x08000352   0x00000024   Code   RO         8150    .text               mc_w.l(strstr.o)
    0x08000376   0x08000376   0x00000018   Code   RO         8152    .text               mc_w.l(strncpy.o)
    0x0800038e   0x0800038e   0x00000014   Code   RO         8154    .text               mc_w.l(strchr.o)
    0x080003a2   0x080003a2   0x0000000e   Code   RO         8156    .text               mc_w.l(strlen.o)
    0x080003b0   0x080003b0   0x0000001c   Code   RO         8158    .text               mc_w.l(strcmp.o)
    0x080003cc   0x080003cc   0x00000012   Code   RO         8162    .text               mc_w.l(strcpy.o)
    0x080003de   0x080003de   0x0000001e   Code   RO         8164    .text               mc_w.l(strncmp.o)
    0x080003fc   0x080003fc   0x00000044   Code   RO         8166    .text               mc_w.l(strtok.o)
    0x08000440   0x08000440   0x00000032   Code   RO         8174    .text               mc_w.l(strncasecmp.o)
    0x08000472   0x08000472   0x0000001a   Code   RO         8465    .text               mc_w.l(atoi.o)
    0x0800048c   0x0800048c   0x0000014e   Code   RO         8467    .text               mf_w.l(dadd.o)
    0x080005da   0x080005da   0x000000e4   Code   RO         8469    .text               mf_w.l(dmul.o)
    0x080006be   0x080006be   0x00000022   Code   RO         8471    .text               mf_w.l(dflti.o)
    0x080006e0   0x080006e0   0x0000003e   Code   RO         8473    .text               mf_w.l(dfixi.o)
    0x0800071e   0x0800071e   0x00000002   PAD
    0x08000720   0x08000720   0x00000030   Code   RO         8477    .text               mf_w.l(cdcmple.o)
    0x08000750   0x08000750   0x00000030   Code   RO         8479    .text               mf_w.l(cdrcmple.o)
    0x08000780   0x08000780   0x0000002c   Code   RO         8529    .text               mc_w.l(uidiv.o)
    0x080007ac   0x080007ac   0x0000001e   Code   RO         8531    .text               mc_w.l(llshl.o)
    0x080007ca   0x080007ca   0x00000020   Code   RO         8533    .text               mc_w.l(llushr.o)
    0x080007ea   0x080007ea   0x00000024   Code   RO         8535    .text               mc_w.l(llsshr.o)
    0x0800080e   0x0800080e   0x00000070   Code   RO         8546    .text               mc_w.l(strtol.o)
    0x0800087e   0x0800087e   0x00000000   Code   RO         8548    .text               mc_w.l(iusefp.o)
    0x0800087e   0x0800087e   0x000000ba   Code   RO         8549    .text               mf_w.l(depilogue.o)
    0x08000938   0x08000938   0x000000de   Code   RO         8551    .text               mf_w.l(ddiv.o)
    0x08000a16   0x08000a16   0x0000002e   Code   RO         8555    .text               mf_w.l(dscalb.o)
    0x08000a44   0x08000a44   0x00000030   Code   RO         8557    .text               mf_w.l(dfixul.o)
    0x08000a74   0x08000a74   0x00000024   Code   RO         8559    .text               mc_w.l(init.o)
    0x08000a98   0x08000a98   0x00000008   Code   RO         8561    .text               mc_w.l(ctype_o.o)
    0x08000aa0   0x08000aa0   0x0000009e   Code   RO         8589    .text               mc_w.l(_strtoul.o)
    0x08000b3e   0x08000b3e   0x000000a2   Code   RO         8591    .text               mf_w.l(dsqrt.o)
    0x08000be0   0x08000be0   0x0000001c   Code   RO         8593    .text               mc_w.l(_chval.o)
    0x08000bfc   0x08000bfc   0x00000056   Code   RO         8603    .text               mc_w.l(__dczerorl2.o)
    0x08000c52   0x08000c52   0x00000002   PAD
    0x08000c54   0x08000c54   0x00000128   Code   RO          888    i.ADC_Init          stm32f4xx_hal_adc.o
    0x08000d7c   0x08000d7c   0x000000b8   Code   RO         7885    i.Board_config_init  board_config.o
    0x08000e34   0x08000e34   0x00000002   Code   RO          699    i.BusFault_Handler  stm32f4xx_it.o
    0x08000e36   0x08000e36   0x00000002   PAD
    0x08000e38   0x08000e38   0x0000003c   Code   RO         5958    i.ChipParametersConfiguration  wizchip_conf.o
    0x08000e74   0x08000e74   0x000004a4   Code   RO         7886    i.Config_Printf     board_config.o
    0x08001318   0x08001318   0x000000d4   Code   RO         7307    i.Configmode        xt_task.o
    0x080013ec   0x080013ec   0x0000000c   Code   RO          700    i.DMA1_Stream0_IRQHandler  stm32f4xx_it.o
    0x080013f8   0x080013f8   0x0000000c   Code   RO          701    i.DMA1_Stream1_IRQHandler  stm32f4xx_it.o
    0x08001404   0x08001404   0x0000000c   Code   RO          702    i.DMA1_Stream3_IRQHandler  stm32f4xx_it.o
    0x08001410   0x08001410   0x0000000c   Code   RO          703    i.DMA1_Stream5_IRQHandler  stm32f4xx_it.o
    0x0800141c   0x0800141c   0x0000000c   Code   RO          704    i.DMA1_Stream6_IRQHandler  stm32f4xx_it.o
    0x08001428   0x08001428   0x0000000c   Code   RO          705    i.DMA2_Stream2_IRQHandler  stm32f4xx_it.o
    0x08001434   0x08001434   0x0000000c   Code   RO          706    i.DMA2_Stream7_IRQHandler  stm32f4xx_it.o
    0x08001440   0x08001440   0x00000028   Code   RO         1622    i.DMA_CalcBaseAndBitshift  stm32f4xx_hal_dma.o
    0x08001468   0x08001468   0x00000054   Code   RO         1623    i.DMA_CheckFifoParam  stm32f4xx_hal_dma.o
    0x080014bc   0x080014bc   0x00000028   Code   RO         1624    i.DMA_SetConfig     stm32f4xx_hal_dma.o
    0x080014e4   0x080014e4   0x0000002c   Code   RO         7308    i.DataCollect       xt_task.o
    0x08001510   0x08001510   0x0000009c   Code   RO         7265    i.Data_Parse        modbus.o
    0x080015ac   0x080015ac   0x00000030   Code   RO         7887    i.Data_init         board_config.o
    0x080015dc   0x080015dc   0x00000002   Code   RO          707    i.DebugMon_Handler  stm32f4xx_it.o
    0x080015de   0x080015de   0x00000012   Code   RO         6718    i.Delay_US          flash.o
    0x080015f0   0x080015f0   0x00000004   Code   RO           13    i.Error_Handler     main.o
    0x080015f4   0x080015f4   0x00000028   Code   RO         8073    i.FLASH_If_Erase    flash_if.o
    0x0800161c   0x0800161c   0x00000004   Code   RO         8074    i.FLASH_If_Init     flash_if.o
    0x08001620   0x08001620   0x00000038   Code   RO         8075    i.FLASH_If_Write    flash_if.o
    0x08001658   0x08001658   0x0000014c   Code   RO          890    i.HAL_ADC_ConfigChannel  stm32f4xx_hal_adc.o
    0x080017a4   0x080017a4   0x00000054   Code   RO          899    i.HAL_ADC_Init      stm32f4xx_hal_adc.o
    0x080017f8   0x080017f8   0x00000060   Code   RO          431    i.HAL_ADC_MspInit   adc.o
    0x08001858   0x08001858   0x00000046   Code   RO         2298    i.HAL_DAC_ConfigChannel  stm32f4xx_hal_dac.o
    0x0800189e   0x0800189e   0x00000028   Code   RO         2308    i.HAL_DAC_Init      stm32f4xx_hal_dac.o
    0x080018c6   0x080018c6   0x00000002   PAD
    0x080018c8   0x080018c8   0x00000060   Code   RO          473    i.HAL_DAC_MspInit   dac.o
    0x08001928   0x08001928   0x00000092   Code   RO         1625    i.HAL_DMA_Abort     stm32f4xx_hal_dma.o
    0x080019ba   0x080019ba   0x00000024   Code   RO         1626    i.HAL_DMA_Abort_IT  stm32f4xx_hal_dma.o
    0x080019de   0x080019de   0x00000002   PAD
    0x080019e0   0x080019e0   0x000001a0   Code   RO         1630    i.HAL_DMA_IRQHandler  stm32f4xx_hal_dma.o
    0x08001b80   0x08001b80   0x000000d4   Code   RO         1631    i.HAL_DMA_Init      stm32f4xx_hal_dma.o
    0x08001c54   0x08001c54   0x0000006e   Code   RO         1635    i.HAL_DMA_Start_IT  stm32f4xx_hal_dma.o
    0x08001cc2   0x08001cc2   0x00000002   PAD
    0x08001cc4   0x08001cc4   0x00000024   Code   RO         2044    i.HAL_Delay         stm32f4xx_hal.o
    0x08001ce8   0x08001ce8   0x000001f0   Code   RO         1518    i.HAL_GPIO_Init     stm32f4xx_hal_gpio.o
    0x08001ed8   0x08001ed8   0x0000000a   Code   RO         1520    i.HAL_GPIO_ReadPin  stm32f4xx_hal_gpio.o
    0x08001ee2   0x08001ee2   0x0000000a   Code   RO         1522    i.HAL_GPIO_WritePin  stm32f4xx_hal_gpio.o
    0x08001eec   0x08001eec   0x0000000c   Code   RO         2050    i.HAL_GetTick       stm32f4xx_hal.o
    0x08001ef8   0x08001ef8   0x00000010   Code   RO         2056    i.HAL_IncTick       stm32f4xx_hal.o
    0x08001f08   0x08001f08   0x00000034   Code   RO         2057    i.HAL_Init          stm32f4xx_hal.o
    0x08001f3c   0x08001f3c   0x00000040   Code   RO         2058    i.HAL_InitTick      stm32f4xx_hal.o
    0x08001f7c   0x08001f7c   0x00000038   Code   RO          861    i.HAL_MspInit       stm32f4xx_hal_msp.o
    0x08001fb4   0x08001fb4   0x0000001a   Code   RO         1907    i.HAL_NVIC_EnableIRQ  stm32f4xx_hal_cortex.o
    0x08001fce   0x08001fce   0x00000002   PAD
    0x08001fd0   0x08001fd0   0x00000040   Code   RO         1913    i.HAL_NVIC_SetPriority  stm32f4xx_hal_cortex.o
    0x08002010   0x08002010   0x00000024   Code   RO         1914    i.HAL_NVIC_SetPriorityGrouping  stm32f4xx_hal_cortex.o
    0x08002034   0x08002034   0x00000024   Code   RO         1915    i.HAL_NVIC_SystemReset  stm32f4xx_hal_cortex.o
    0x08002058   0x08002058   0x00000134   Code   RO         1164    i.HAL_RCC_ClockConfig  stm32f4xx_hal_rcc.o
    0x0800218c   0x0800218c   0x00000020   Code   RO         1171    i.HAL_RCC_GetPCLK1Freq  stm32f4xx_hal_rcc.o
    0x080021ac   0x080021ac   0x00000020   Code   RO         1172    i.HAL_RCC_GetPCLK2Freq  stm32f4xx_hal_rcc.o
    0x080021cc   0x080021cc   0x00000064   Code   RO         1173    i.HAL_RCC_GetSysClockFreq  stm32f4xx_hal_rcc.o
    0x08002230   0x08002230   0x0000036c   Code   RO         1176    i.HAL_RCC_OscConfig  stm32f4xx_hal_rcc.o
    0x0800259c   0x0800259c   0x00000002   Code   RO         2542    i.HAL_SPI_ErrorCallback  stm32f4xx_hal_spi.o
    0x0800259e   0x0800259e   0x00000002   PAD
    0x080025a0   0x080025a0   0x000000fc   Code   RO         2545    i.HAL_SPI_IRQHandler  stm32f4xx_hal_spi.o
    0x0800269c   0x0800269c   0x000000bc   Code   RO         2546    i.HAL_SPI_Init      stm32f4xx_hal_spi.o
    0x08002758   0x08002758   0x00000078   Code   RO          539    i.HAL_SPI_MspInit   spi.o
    0x080027d0   0x080027d0   0x000001e2   Code   RO         2555    i.HAL_SPI_TransmitReceive  stm32f4xx_hal_spi.o
    0x080029b2   0x080029b2   0x00000028   Code   RO         1918    i.HAL_SYSTICK_Config  stm32f4xx_hal_cortex.o
    0x080029da   0x080029da   0x00000002   Code   RO         3563    i.HAL_TIMEx_BreakCallback  stm32f4xx_hal_tim_ex.o
    0x080029dc   0x080029dc   0x00000002   Code   RO         3564    i.HAL_TIMEx_CommutCallback  stm32f4xx_hal_tim_ex.o
    0x080029de   0x080029de   0x00000002   PAD
    0x080029e0   0x080029e0   0x00000090   Code   RO         3582    i.HAL_TIMEx_MasterConfigSynchronization  stm32f4xx_hal_tim_ex.o
    0x08002a70   0x08002a70   0x0000005a   Code   RO         2859    i.HAL_TIM_Base_Init  stm32f4xx_hal_tim.o
    0x08002aca   0x08002aca   0x00000002   PAD
    0x08002acc   0x08002acc   0x00000060   Code   RO          581    i.HAL_TIM_Base_MspInit  tim.o
    0x08002b2c   0x08002b2c   0x00000080   Code   RO         2864    i.HAL_TIM_Base_Start_IT  stm32f4xx_hal_tim.o
    0x08002bac   0x08002bac   0x000000dc   Code   RO         2868    i.HAL_TIM_ConfigClockSource  stm32f4xx_hal_tim.o
    0x08002c88   0x08002c88   0x00000002   Code   RO         2893    i.HAL_TIM_IC_CaptureCallback  stm32f4xx_hal_tim.o
    0x08002c8a   0x08002c8a   0x00000166   Code   RO         2907    i.HAL_TIM_IRQHandler  stm32f4xx_hal_tim.o
    0x08002df0   0x08002df0   0x00000002   Code   RO         2910    i.HAL_TIM_OC_DelayElapsedCallback  stm32f4xx_hal_tim.o
    0x08002df2   0x08002df2   0x00000002   Code   RO         2937    i.HAL_TIM_PWM_PulseFinishedCallback  stm32f4xx_hal_tim.o
    0x08002df4   0x08002df4   0x00000024   Code   RO           14    i.HAL_TIM_PeriodElapsedCallback  main.o
    0x08002e18   0x08002e18   0x00000002   Code   RO         2950    i.HAL_TIM_TriggerCallback  stm32f4xx_hal_tim.o
    0x08002e1a   0x08002e1a   0x00000002   Code   RO         3841    i.HAL_UARTEx_RxEventCallback  stm32f4xx_hal_uart.o
    0x08002e1c   0x08002e1c   0x00000070   Code   RO         3853    i.HAL_UART_DMAStop  stm32f4xx_hal_uart.o
    0x08002e8c   0x08002e8c   0x00000002   Code   RO         3855    i.HAL_UART_ErrorCallback  stm32f4xx_hal_uart.o
    0x08002e8e   0x08002e8e   0x00000002   PAD
    0x08002e90   0x08002e90   0x00000268   Code   RO         3858    i.HAL_UART_IRQHandler  stm32f4xx_hal_uart.o
    0x080030f8   0x080030f8   0x00000062   Code   RO         3859    i.HAL_UART_Init     stm32f4xx_hal_uart.o
    0x0800315a   0x0800315a   0x00000002   PAD
    0x0800315c   0x0800315c   0x00000370   Code   RO          629    i.HAL_UART_MspInit  usart.o
    0x080034cc   0x080034cc   0x0000002a   Code   RO         3863    i.HAL_UART_Receive_DMA  stm32f4xx_hal_uart.o
    0x080034f6   0x080034f6   0x0000002a   Code   RO         3864    i.HAL_UART_Receive_IT  stm32f4xx_hal_uart.o
    0x08003520   0x08003520   0x00000058   Code   RO           15    i.HAL_UART_RxCpltCallback  main.o
    0x08003578   0x08003578   0x00000002   Code   RO         3866    i.HAL_UART_RxHalfCpltCallback  stm32f4xx_hal_uart.o
    0x0800357a   0x0800357a   0x00000002   PAD
    0x0800357c   0x0800357c   0x000000b2   Code   RO         3867    i.HAL_UART_Transmit  stm32f4xx_hal_uart.o
    0x0800362e   0x0800362e   0x00000002   Code   RO         3870    i.HAL_UART_TxCpltCallback  stm32f4xx_hal_uart.o
    0x08003630   0x08003630   0x00000002   Code   RO          708    i.HardFault_Handler  stm32f4xx_it.o
    0x08003632   0x08003632   0x00000002   PAD
    0x08003634   0x08003634   0x00000094   Code   RO         5670    i.IAP_HTTP_writedata  httputil.o
    0x080036c8   0x080036c8   0x00000184   Code   RO         7064    i.Local_Net_Set     task_handle.o
    0x0800384c   0x0800384c   0x00000048   Code   RO         7888    i.Local_network_init  board_config.o
    0x08003894   0x08003894   0x00000240   Code   RO         7065    i.MQTTConfig_Set    task_handle.o
    0x08003ad4   0x08003ad4   0x0000008c   Code   RO         7562    i.MQTTDeserialize_publish  mqttdeserializepublish.o
    0x08003b60   0x08003b60   0x00000036   Code   RO         7648    i.MQTTPacket_decode  mqttpacket.o
    0x08003b96   0x08003b96   0x00000002   PAD
    0x08003b98   0x08003b98   0x00000014   Code   RO         7649    i.MQTTPacket_decodeBuf  mqttpacket.o
    0x08003bac   0x08003bac   0x0000002a   Code   RO         7650    i.MQTTPacket_encode  mqttpacket.o
    0x08003bd6   0x08003bd6   0x00000002   PAD
    0x08003bd8   0x08003bd8   0x00000028   Code   RO         7652    i.MQTTPacket_len    mqttpacket.o
    0x08003c00   0x08003c00   0x00000048   Code   RO         7756    i.MQTTSerialize_ack  mqttserializepublish.o
    0x08003c48   0x08003c48   0x00000118   Code   RO         7471    i.MQTTSerialize_connect  mqttconnectclient.o
    0x08003d60   0x08003d60   0x00000076   Code   RO         7472    i.MQTTSerialize_connectLength  mqttconnectclient.o
    0x08003dd6   0x08003dd6   0x00000006   Code   RO         7474    i.MQTTSerialize_pingreq  mqttconnectclient.o
    0x08003ddc   0x08003ddc   0x0000000e   Code   RO         7757    i.MQTTSerialize_puback  mqttserializepublish.o
    0x08003dea   0x08003dea   0x00000086   Code   RO         7759    i.MQTTSerialize_publish  mqttserializepublish.o
    0x08003e70   0x08003e70   0x0000001e   Code   RO         7760    i.MQTTSerialize_publishLength  mqttserializepublish.o
    0x08003e8e   0x08003e8e   0x00000002   PAD
    0x08003e90   0x08003e90   0x0000008c   Code   RO         7799    i.MQTTSerialize_subscribe  mqttsubscribeclient.o
    0x08003f1c   0x08003f1c   0x0000002e   Code   RO         7800    i.MQTTSerialize_subscribeLength  mqttsubscribeclient.o
    0x08003f4a   0x08003f4a   0x00000032   Code   RO         7475    i.MQTTSerialize_zero  mqttconnectclient.o
    0x08003f7c   0x08003f7c   0x000006d0   Code   RO         7309    i.MQTT_4G_MODE      xt_task.o
    0x0800464c   0x0800464c   0x00000104   Code   RO         7310    i.MQTT_ETH_MODE     xt_task.o
    0x08004750   0x08004750   0x0000000e   Code   RO         7655    i.MQTTstrlen        mqttpacket.o
    0x0800475e   0x0800475e   0x00000002   PAD
    0x08004760   0x08004760   0x00000064   Code   RO          432    i.MX_ADC1_Init      adc.o
    0x080047c4   0x080047c4   0x0000003c   Code   RO          474    i.MX_DAC_Init       dac.o
    0x08004800   0x08004800   0x0000009c   Code   RO          514    i.MX_DMA_Init       dma.o
    0x0800489c   0x0800489c   0x0000003c   Code   RO          359    i.MX_FREERTOS_Init  freertos.o
    0x080048d8   0x080048d8   0x000000ec   Code   RO          331    i.MX_GPIO_Init      gpio.o
    0x080049c4   0x080049c4   0x0000004c   Code   RO          540    i.MX_SPI3_Init      spi.o
    0x08004a10   0x08004a10   0x00000068   Code   RO          582    i.MX_TIM2_Init      tim.o
    0x08004a78   0x08004a78   0x0000006c   Code   RO          583    i.MX_TIM4_Init      tim.o
    0x08004ae4   0x08004ae4   0x00000040   Code   RO          630    i.MX_UART5_Init     usart.o
    0x08004b24   0x08004b24   0x00000040   Code   RO          631    i.MX_USART1_UART_Init  usart.o
    0x08004b64   0x08004b64   0x00000040   Code   RO          632    i.MX_USART2_UART_Init  usart.o
    0x08004ba4   0x08004ba4   0x00000040   Code   RO          633    i.MX_USART3_UART_Init  usart.o
    0x08004be4   0x08004be4   0x00000002   Code   RO          709    i.MemManage_Handler  stm32f4xx_it.o
    0x08004be6   0x08004be6   0x00000012   Code   RO         7266    i.ModbusParse       modbus.o
    0x08004bf8   0x08004bf8   0x00000080   Code   RO         7889    i.Mqtt_client_config_init  board_config.o
    0x08004c78   0x08004c78   0x00000002   Code   RO          710    i.NMI_Handler       stm32f4xx_it.o
    0x08004c7a   0x08004c7a   0x00000002   PAD
    0x08004c7c   0x08004c7c   0x00000058   Code   RO         5671    i.NetTaskDele       httputil.o
    0x08004cd4   0x08004cd4   0x00000020   Code   RO         5959    i.NetworkParameterConfiguration  wizchip_conf.o
    0x08004cf4   0x08004cf4   0x0000007c   Code   RO         5672    i.Parse_Content_Length  httputil.o
    0x08004d70   0x08004d70   0x0000000c   Code   RO          711    i.SPI3_IRQHandler   stm32f4xx_it.o
    0x08004d7c   0x08004d7c   0x00000010   Code   RO         5960    i.SPI_CS_Deselect   wizchip_conf.o
    0x08004d8c   0x08004d8c   0x00000010   Code   RO         5961    i.SPI_CS_Select     wizchip_conf.o
    0x08004d9c   0x08004d9c   0x00000008   Code   RO         5962    i.SPI_CrisEnter     wizchip_conf.o
    0x08004da4   0x08004da4   0x00000008   Code   RO         5963    i.SPI_CrisExit      wizchip_conf.o
    0x08004dac   0x08004dac   0x00000010   Code   RO         2573    i.SPI_DMAAbortOnError  stm32f4xx_hal_spi.o
    0x08004dbc   0x08004dbc   0x00000058   Code   RO         2584    i.SPI_EndRxTxTransaction  stm32f4xx_hal_spi.o
    0x08004e14   0x08004e14   0x00000028   Code   RO         5964    i.SPI_ReadByte      wizchip_conf.o
    0x08004e3c   0x08004e3c   0x000000b8   Code   RO         2589    i.SPI_WaitFlagStateUntilTimeout  stm32f4xx_hal_spi.o
    0x08004ef4   0x08004ef4   0x0000001c   Code   RO         5965    i.SPI_WriteByte     wizchip_conf.o
    0x08004f10   0x08004f10   0x00000070   Code   RO         6719    i.STM32FLASH_EraseSector  flash.o
    0x08004f80   0x08004f80   0x000000a0   Code   RO         6720    i.STM32FLASH_GetFlashSector  flash.o
    0x08005020   0x08005020   0x00000034   Code   RO         6721    i.STM32FLASH_GetStatus  flash.o
    0x08005054   0x08005054   0x00000010   Code   RO         6722    i.STM32FLASH_Lock   flash.o
    0x08005064   0x08005064   0x00000028   Code   RO         6723    i.STM32FLASH_Read   flash.o
    0x0800508c   0x0800508c   0x00000018   Code   RO         6725    i.STM32FLASH_Unlock  flash.o
    0x080050a4   0x080050a4   0x0000001e   Code   RO         6726    i.STM32FLASH_WaitDone  flash.o
    0x080050c2   0x080050c2   0x00000002   PAD
    0x080050c4   0x080050c4   0x0000009c   Code   RO         6727    i.STM32FLASH_Write  flash.o
    0x08005160   0x08005160   0x00000044   Code   RO         6728    i.STM32FLASH_WriteWord  flash.o
    0x080051a4   0x080051a4   0x00000002   Code   RO          360    i.StartDefaultTask  freertos.o
    0x080051a6   0x080051a6   0x00000002   Code   RO          361    i.StartTask02       freertos.o
    0x080051a8   0x080051a8   0x00000018   Code   RO          712    i.SysTick_Handler   stm32f4xx_it.o
    0x080051c0   0x080051c0   0x00000094   Code   RO           16    i.SystemClock_Config  main.o
    0x08005254   0x08005254   0x00000010   Code   RO         4188    i.SystemInit        system_stm32f4xx.o
    0x08005264   0x08005264   0x0000000c   Code   RO          713    i.TIM2_IRQHandler   stm32f4xx_it.o
    0x08005270   0x08005270   0x0000000c   Code   RO          714    i.TIM4_IRQHandler   stm32f4xx_it.o
    0x0800527c   0x0800527c   0x000000c8   Code   RO         2952    i.TIM_Base_SetConfig  stm32f4xx_hal_tim.o
    0x08005344   0x08005344   0x00000014   Code   RO         2963    i.TIM_ETR_SetConfig  stm32f4xx_hal_tim.o
    0x08005358   0x08005358   0x00000010   Code   RO         2964    i.TIM_ITRx_SetConfig  stm32f4xx_hal_tim.o
    0x08005368   0x08005368   0x00000022   Code   RO         2970    i.TIM_TI1_ConfigInputStage  stm32f4xx_hal_tim.o
    0x0800538a   0x0800538a   0x00000024   Code   RO         2972    i.TIM_TI2_ConfigInputStage  stm32f4xx_hal_tim.o
    0x080053ae   0x080053ae   0x00000002   PAD
    0x080053b0   0x080053b0   0x000000b8   Code   RO         7066    i.TcpClient_Set     task_handle.o
    0x08005468   0x08005468   0x00000028   Code   RO         7891    i.Tcp_client_config_init  board_config.o
    0x08005490   0x08005490   0x00000048   Code   RO          715    i.UART5_IRQHandler  stm32f4xx_it.o
    0x080054d8   0x080054d8   0x00000010   Code   RO         3872    i.UART_DMAAbortOnError  stm32f4xx_hal_uart.o
    0x080054e8   0x080054e8   0x0000004a   Code   RO         3873    i.UART_DMAError     stm32f4xx_hal_uart.o
    0x08005532   0x08005532   0x00000082   Code   RO         3874    i.UART_DMAReceiveCplt  stm32f4xx_hal_uart.o
    0x080055b4   0x080055b4   0x0000001a   Code   RO         3876    i.UART_DMARxHalfCplt  stm32f4xx_hal_uart.o
    0x080055ce   0x080055ce   0x0000004e   Code   RO         3882    i.UART_EndRxTransfer  stm32f4xx_hal_uart.o
    0x0800561c   0x0800561c   0x0000001c   Code   RO         3883    i.UART_EndTxTransfer  stm32f4xx_hal_uart.o
    0x08005638   0x08005638   0x000000c0   Code   RO         3884    i.UART_Receive_IT   stm32f4xx_hal_uart.o
    0x080056f8   0x080056f8   0x0000010c   Code   RO         3885    i.UART_SetConfig    stm32f4xx_hal_uart.o
    0x08005804   0x08005804   0x00000094   Code   RO         3886    i.UART_Start_Receive_DMA  stm32f4xx_hal_uart.o
    0x08005898   0x08005898   0x0000003a   Code   RO         3887    i.UART_Start_Receive_IT  stm32f4xx_hal_uart.o
    0x080058d2   0x080058d2   0x00000078   Code   RO         3888    i.UART_WaitOnFlagUntilTimeout  stm32f4xx_hal_uart.o
    0x0800594a   0x0800594a   0x00000002   PAD
    0x0800594c   0x0800594c   0x0000005c   Code   RO          716    i.USART1_IRQHandler  stm32f4xx_it.o
    0x080059a8   0x080059a8   0x0000004c   Code   RO          717    i.USART2_IRQHandler  stm32f4xx_it.o
    0x080059f4   0x080059f4   0x00000068   Code   RO          718    i.USART3_IRQHandler  stm32f4xx_it.o
    0x08005a5c   0x08005a5c   0x00000002   Code   RO          719    i.UsageFault_Handler  stm32f4xx_it.o
    0x08005a5e   0x08005a5e   0x00000002   PAD
    0x08005a60   0x08005a60   0x00000028   Code   RO         7892    i.Usart_Config_init  board_config.o
    0x08005a88   0x08005a88   0x00000084   Code   RO         5966    i.W5500_ChipInit    wizchip_conf.o
    0x08005b0c   0x08005b0c   0x0000002c   Code   RO         5967    i.W5500_RESET       wizchip_conf.o
    0x08005b38   0x08005b38   0x00000134   Code   RO         5792    i.W5500_Tcp_client  socket.o
    0x08005c6c   0x08005c6c   0x00000058   Code   RO         5519    i.WIZCHIP_READ      w5500.o
    0x08005cc4   0x08005cc4   0x00000074   Code   RO         5520    i.WIZCHIP_READ_BUF  w5500.o
    0x08005d38   0x08005d38   0x00000060   Code   RO         5521    i.WIZCHIP_WRITE     w5500.o
    0x08005d98   0x08005d98   0x00000070   Code   RO         5522    i.WIZCHIP_WRITE_BUF  w5500.o
    0x08005e08   0x08005e08   0x0000025c   Code   RO         7219    i.ZTN_MQTT_ENCODE   ztn_mqtt.o
    0x08006064   0x08006064   0x00000020   Code   RO         8409    i.__0printf         mc_w.l(printfa.o)
    0x08006084   0x08006084   0x00000028   Code   RO         8411    i.__0sprintf        mc_w.l(printfa.o)
    0x080060ac   0x080060ac   0x00000030   Code   RO         8495    i.__ARM_fpclassify  m_wm.l(fpclassify.o)
    0x080060dc   0x080060dc   0x00000020   Code   RO         1920    i.__NVIC_SetPriority  stm32f4xx_hal_cortex.o
    0x080060fc   0x080060fc   0x00000008   Code   RO         8539    i.__aeabi_errno_addr  mc_w.l(errno.o)
    0x08006104   0x08006104   0x00000014   Code   RO         8109    i.__hardfp_fabs     m_wm.l(fabs.o)
    0x08006118   0x08006118   0x00000118   Code   RO         8115    i.__hardfp_floor    m_wm.l(floor.o)
    0x08006230   0x08006230   0x00000c50   Code   RO         8121    i.__hardfp_pow      m_wm.l(pow.o)
    0x08006e80   0x08006e80   0x000000f8   Code   RO         8497    i.__kernel_poly     m_wm.l(poly.o)
    0x08006f78   0x08006f78   0x00000030   Code   RO         8481    i.__mathlib_dbl_divzero  m_wm.l(dunder.o)
    0x08006fa8   0x08006fa8   0x00000014   Code   RO         8483    i.__mathlib_dbl_infnan2  m_wm.l(dunder.o)
    0x08006fbc   0x08006fbc   0x00000004   PAD
    0x08006fc0   0x08006fc0   0x00000020   Code   RO         8484    i.__mathlib_dbl_invalid  m_wm.l(dunder.o)
    0x08006fe0   0x08006fe0   0x00000020   Code   RO         8485    i.__mathlib_dbl_overflow  m_wm.l(dunder.o)
    0x08007000   0x08007000   0x00000020   Code   RO         8487    i.__mathlib_dbl_underflow  m_wm.l(dunder.o)
    0x08007020   0x08007020   0x0000000e   Code   RO         8597    i.__scatterload_copy  mc_w.l(handlers.o)
    0x0800702e   0x0800702e   0x00000002   Code   RO         8598    i.__scatterload_null  mc_w.l(handlers.o)
    0x08007030   0x08007030   0x0000000e   Code   RO         8599    i.__scatterload_zeroinit  mc_w.l(handlers.o)
    0x0800703e   0x0800703e   0x00000002   PAD
    0x08007040   0x08007040   0x0000000c   Code   RO         8541    i.__set_errno       mc_w.l(errno.o)
    0x0800704c   0x0800704c   0x00000184   Code   RO         8416    i._fp_digits        mc_w.l(printfa.o)
    0x080071d0   0x080071d0   0x000006b4   Code   RO         8417    i._printf_core      mc_w.l(printfa.o)
    0x08007884   0x08007884   0x00000024   Code   RO         8418    i._printf_post_padding  mc_w.l(printfa.o)
    0x080078a8   0x080078a8   0x0000002e   Code   RO         8419    i._printf_pre_padding  mc_w.l(printfa.o)
    0x080078d6   0x080078d6   0x0000000a   Code   RO         8421    i._sputc            mc_w.l(printfa.o)
    0x080078e0   0x080078e0   0x0000001e   Code   RO         7100    i.atoi16            utility.o
    0x080078fe   0x080078fe   0x00000002   PAD
    0x08007900   0x08007900   0x00000078   Code   RO         7976    i.board_config_set  board_config_set.o
    0x08007978   0x08007978   0x00000024   Code   RO         7656    i.bufchar           mqttpacket.o
    0x0800799c   0x0800799c   0x00000026   Code   RO         7101    i.c2d               utility.o
    0x080079c2   0x080079c2   0x0000001c   Code   RO         6334    i.cJSON_AddItemToArray  cjson.o
    0x080079de   0x080079de   0x00000002   PAD
    0x080079e0   0x080079e0   0x00000030   Code   RO         6335    i.cJSON_AddItemToObject  cjson.o
    0x08007a10   0x08007a10   0x00000010   Code   RO         6337    i.cJSON_CreateArray  cjson.o
    0x08007a20   0x08007a20   0x00000030   Code   RO         6344    i.cJSON_CreateNumber  cjson.o
    0x08007a50   0x08007a50   0x00000010   Code   RO         6345    i.cJSON_CreateObject  cjson.o
    0x08007a60   0x08007a60   0x0000001c   Code   RO         6346    i.cJSON_CreateString  cjson.o
    0x08007a7c   0x08007a7c   0x00000048   Code   RO         6349    i.cJSON_Delete      cjson.o
    0x08007ac4   0x08007ac4   0x0000001c   Code   RO         6358    i.cJSON_GetObjectItem  cjson.o
    0x08007ae0   0x08007ae0   0x0000001c   Code   RO         6362    i.cJSON_New_Item    cjson.o
    0x08007afc   0x08007afc   0x00000008   Code   RO         6363    i.cJSON_Parse       cjson.o
    0x08007b04   0x08007b04   0x00000060   Code   RO         6364    i.cJSON_ParseWithOpts  cjson.o
    0x08007b64   0x08007b64   0x0000000a   Code   RO         6365    i.cJSON_Print       cjson.o
    0x08007b6e   0x08007b6e   0x00000042   Code   RO         6370    i.cJSON_strcasecmp  cjson.o
    0x08007bb0   0x08007bb0   0x00000028   Code   RO         6371    i.cJSON_strdup      cjson.o
    0x08007bd8   0x08007bd8   0x000001a4   Code   RO         5673    i.cgi_ipconfig      httputil.o
    0x08007d7c   0x08007d7c   0x00000104   Code   RO         5674    i.cgi_uartconfig    httputil.o
    0x08007e80   0x08007e80   0x00000074   Code   RO         5793    i.close             socket.o
    0x08007ef4   0x08007ef4   0x00000058   Code   RO         7977    i.configHandler     board_config_set.o
    0x08007f4c   0x08007f4c   0x00000124   Code   RO         7978    i.configRecv        board_config_set.o
    0x08008070   0x08008070   0x00000124   Code   RO         5794    i.connect           socket.o
    0x08008194   0x08008194   0x0000012c   Code   RO         6908    i.connectMqtt       mqtt_api.o
    0x080082c0   0x080082c0   0x0000004c   Code   RO         5968    i.ctlnetwork        wizchip_conf.o
    0x0800830c   0x0800830c   0x000000ec   Code   RO         5969    i.ctlwizchip        wizchip_conf.o
    0x080083f8   0x080083f8   0x00000088   Code   RO         6909    i.dealPublish       mqtt_api.o
    0x08008480   0x08008480   0x00000018   Code   RO         6680    i.delay_ms          delay.o
    0x08008498   0x08008498   0x00000020   Code   RO         6682    i.delay_us          delay.o
    0x080084b8   0x080084b8   0x0000008c   Code   RO         5796    i.disconnect        socket.o
    0x08008544   0x08008544   0x0000009c   Code   RO         5675    i.do_https          httputil.o
    0x080085e0   0x080085e0   0x000000cc   Code   RO         6910    i.do_mqtt           mqtt_api.o
    0x080086ac   0x080086ac   0x00000018   Code   RO         7311    i.ec800n_uart_send  xt_task.o
    0x080086c4   0x080086c4   0x00000070   Code   RO         6373    i.ensure            cjson.o
    0x08008734   0x08008734   0x00000018   Code   RO         8111    i.fabs              m_wm.l(fabs.o)
    0x0800874c   0x0800874c   0x00000018   Code   RO          634    i.fputc             usart.o
    0x08008764   0x08008764   0x00000050   Code   RO         8437    i.free              mc_w.l(malloc.o)
    0x080087b4   0x080087b4   0x00000034   Code   RO         7026    i.getModbusCRC16    rs485.o
    0x080087e8   0x080087e8   0x0000004c   Code   RO         5523    i.getSn_RX_RSR      w5500.o
    0x08008834   0x08008834   0x0000004c   Code   RO         5524    i.getSn_TX_FSR      w5500.o
    0x08008880   0x08008880   0x000000c8   Code   RO         5613    i.get_http_param_value  http_server.o
    0x08008948   0x08008948   0x00000010   Code   RO         8028    i.handler_1         config_handle_task.o
    0x08008958   0x08008958   0x00000010   Code   RO         8029    i.handler_2         config_handle_task.o
    0x08008968   0x08008968   0x00000038   Code   RO         8030    i.handler_3         config_handle_task.o
    0x080089a0   0x080089a0   0x00000044   Code   RO         7104    i.inet_addr_        utility.o
    0x080089e4   0x080089e4   0x00000028   Code   RO         7312    i.init_Net          xt_task.o
    0x08008a0c   0x08008a0c   0x0000001a   Code   RO         7893    i.isFirstBoot       board_config.o
    0x08008a26   0x08008a26   0x00000002   PAD
    0x08008a28   0x08008a28   0x000000e4   Code   RO         5676    i.js_tasknet        httputil.o
    0x08008b0c   0x08008b0c   0x00000070   Code   RO         5798    i.listen            socket.o
    0x08008b7c   0x08008b7c   0x0000009c   Code   RO           17    i.main              main.o
    0x08008c18   0x08008c18   0x0000000c   Code   RO         5008    i.makeFreeRtosPriority  cmsis_os.o
    0x08008c24   0x08008c24   0x000001f8   Code   RO         5677    i.make_basic_ModbusTask_setting_json_callback  httputil.o
    0x08008e1c   0x08008e1c   0x0000007c   Code   RO         5678    i.make_basic_Uartconfig_setting_json_callback  httputil.o
    0x08008e98   0x08008e98   0x000000a8   Code   RO         5679    i.make_basic_config_setting_json_callback  httputil.o
    0x08008f40   0x08008f40   0x000001f0   Code   RO         5614    i.make_http_response_head  http_server.o
    0x08009130   0x08009130   0x0000006c   Code   RO         8438    i.malloc            mc_w.l(malloc.o)
    0x0800919c   0x0800919c   0x00000036   Code   RO         7105    i.mid               utility.o
    0x080091d2   0x080091d2   0x00000002   PAD
    0x080091d4   0x080091d4   0x000000f4   Code   RO         7313    i.modbus_send       xt_task.o
    0x080092c8   0x080092c8   0x0000000c   Code   RO         6911    i.mqtt_decode_msg   mqtt_api.o
    0x080092d4   0x080092d4   0x000002d8   Code   RO         6912    i.mqtt_rechandle    mqtt_api.o
    0x080095ac   0x080095ac   0x0000000a   Code   RO         5013    i.osKernelStart     cmsis_os.o
    0x080095b6   0x080095b6   0x00000054   Code   RO         5047    i.osThreadCreate    cmsis_os.o
    0x0800960a   0x0800960a   0x00000002   PAD
    0x0800960c   0x0800960c   0x00000078   Code   RO         6374    i.parse_array       cjson.o
    0x08009684   0x08009684   0x000000a6   Code   RO         6375    i.parse_hex4        cjson.o
    0x0800972a   0x0800972a   0x00000002   PAD
    0x0800972c   0x0800972c   0x000000b4   Code   RO         5615    i.parse_http_request  http_server.o
    0x080097e0   0x080097e0   0x00000194   Code   RO         6376    i.parse_number      cjson.o
    0x08009974   0x08009974   0x000000b8   Code   RO         6377    i.parse_object      cjson.o
    0x08009a2c   0x08009a2c   0x00000180   Code   RO         6378    i.parse_string      cjson.o
    0x08009bac   0x08009bac   0x000000b4   Code   RO         6379    i.parse_value       cjson.o
    0x08009c60   0x08009c60   0x000000f4   Code   RO         6913    i.pingMqtt          mqtt_api.o
    0x08009d54   0x08009d54   0x000001d0   Code   RO         6380    i.print_array       cjson.o
    0x08009f24   0x08009f24   0x000001c8   Code   RO         6381    i.print_number      cjson.o
    0x0800a0ec   0x0800a0ec   0x00000374   Code   RO         6382    i.print_object      cjson.o
    0x0800a460   0x0800a460   0x00000006   Code   RO         6383    i.print_string      cjson.o
    0x0800a466   0x0800a466   0x00000002   PAD
    0x0800a468   0x0800a468   0x00000174   Code   RO         6384    i.print_string_ptr  cjson.o
    0x0800a5dc   0x0800a5dc   0x000000bc   Code   RO         6385    i.print_value       cjson.o
    0x0800a698   0x0800a698   0x000009c0   Code   RO         5681    i.proc_http         httputil.o
    0x0800b058   0x0800b058   0x000000d0   Code   RO         4691    i.prvAddNewTaskToReadyList  tasks.o
    0x0800b128   0x0800b128   0x00000034   Code   RO         4692    i.prvDeleteTCB      tasks.o
    0x0800b15c   0x0800b15c   0x0000004c   Code   RO         5375    i.prvHeapInit       heap_4.o
    0x0800b1a8   0x0800b1a8   0x00000060   Code   RO         4693    i.prvIdleTask       tasks.o
    0x0800b208   0x0800b208   0x00000098   Code   RO         4694    i.prvInitialiseNewTask  tasks.o
    0x0800b2a0   0x0800b2a0   0x0000004c   Code   RO         5376    i.prvInsertBlockIntoFreeList  heap_4.o
    0x0800b2ec   0x0800b2ec   0x00000020   Code   RO         4695    i.prvResetNextTaskUnblockTime  tasks.o
    0x0800b30c   0x0800b30c   0x00000028   Code   RO         5443    i.prvTaskExitError  port.o
    0x0800b334   0x0800b334   0x00000118   Code   RO         6914    i.publishMqtt       mqtt_api.o
    0x0800b44c   0x0800b44c   0x000000dc   Code   RO         5377    i.pvPortMalloc      heap_4.o
    0x0800b528   0x0800b528   0x0000002c   Code   RO         5444    i.pxPortInitialiseStack  port.o
    0x0800b554   0x0800b554   0x0000000c   Code   RO         7658    i.readChar          mqttpacket.o
    0x0800b560   0x0800b560   0x0000001c   Code   RO         7894    i.readConfig        board_config.o
    0x0800b57c   0x0800b57c   0x00000012   Code   RO         7659    i.readInt           mqttpacket.o
    0x0800b58e   0x0800b58e   0x00000034   Code   RO         7660    i.readMQTTLenString  mqttpacket.o
    0x0800b5c2   0x0800b5c2   0x00000002   PAD
    0x0800b5c4   0x0800b5c4   0x000000e4   Code   RO         5799    i.recv              socket.o
    0x0800b6a8   0x0800b6a8   0x00000024   Code   RO         5971    i.reg_wizchip_cris_cbfunc  wizchip_conf.o
    0x0800b6cc   0x0800b6cc   0x00000024   Code   RO         5972    i.reg_wizchip_cs_cbfunc  wizchip_conf.o
    0x0800b6f0   0x0800b6f0   0x0000002c   Code   RO         5973    i.reg_wizchip_spi_cbfunc  wizchip_conf.o
    0x0800b71c   0x0800b71c   0x00000016   Code   RO         7108    i.replacetochar     utility.o
    0x0800b732   0x0800b732   0x00000002   PAD
    0x0800b734   0x0800b734   0x0000005c   Code   RO         7895    i.saveConfig        board_config.o
    0x0800b790   0x0800b790   0x0000011c   Code   RO         5801    i.send              socket.o
    0x0800b8ac   0x0800b8ac   0x00000014   Code   RO         6386    i.skip              cjson.o
    0x0800b8c0   0x0800b8c0   0x0000011c   Code   RO         5804    i.socket            socket.o
    0x0800b9dc   0x0800b9dc   0x0000006e   Code   RO         8502    i.sqrt              m_wm.l(sqrt.o)
    0x0800ba4a   0x0800ba4a   0x00000002   PAD
    0x0800ba4c   0x0800ba4c   0x00000024   Code   RO         8031    i.strHandler        config_handle_task.o
    0x0800ba70   0x0800ba70   0x0000011c   Code   RO         6915    i.subscribMqtt      mqtt_api.o
    0x0800bb8c   0x0800bb8c   0x00000040   Code   RO         5616    i.unescape_http_url  http_server.o
    0x0800bbcc   0x0800bbcc   0x0000001c   Code   RO         6387    i.update            cjson.o
    0x0800bbe8   0x0800bbe8   0x00000026   Code   RO         4326    i.uxListRemove      list.o
    0x0800bc0e   0x0800bc0e   0x00000002   PAD
    0x0800bc10   0x0800bc10   0x00000014   Code   RO          362    i.vApplicationGetIdleTaskMemory  freertos.o
    0x0800bc24   0x0800bc24   0x00000016   Code   RO         4327    i.vListInitialise   list.o
    0x0800bc3a   0x0800bc3a   0x00000006   Code   RO         4328    i.vListInitialiseItem  list.o
    0x0800bc40   0x0800bc40   0x00000018   Code   RO         4330    i.vListInsertEnd    list.o
    0x0800bc58   0x0800bc58   0x00000040   Code   RO         5446    i.vPortEnterCritical  port.o
    0x0800bc98   0x0800bc98   0x00000028   Code   RO         5447    i.vPortExitCritical  port.o
    0x0800bcc0   0x0800bcc0   0x00000064   Code   RO         5378    i.vPortFree         heap_4.o
    0x0800bd24   0x0800bd24   0x00000024   Code   RO         5448    i.vPortSetupTimerInterrupt  port.o
    0x0800bd48   0x0800bd48   0x0000006c   Code   RO         4717    i.vTaskStartScheduler  tasks.o
    0x0800bdb4   0x0800bdb4   0x00000010   Code   RO         4719    i.vTaskSuspendAll   tasks.o
    0x0800bdc4   0x0800bdc4   0x0000005c   Code   RO         4720    i.vTaskSwitchContext  tasks.o
    0x0800be20   0x0800be20   0x00000060   Code   RO         5528    i.wiz_recv_data     w5500.o
    0x0800be80   0x0800be80   0x00000060   Code   RO         5530    i.wiz_send_data     w5500.o
    0x0800bee0   0x0800bee0   0x00000004   Code   RO         5975    i.wizchip_bus_readdata  wizchip_conf.o
    0x0800bee4   0x0800bee4   0x00000004   Code   RO         5976    i.wizchip_bus_writedata  wizchip_conf.o
    0x0800bee8   0x0800bee8   0x0000003a   Code   RO         5977    i.wizchip_clrinterrupt  wizchip_conf.o
    0x0800bf22   0x0800bf22   0x00000002   Code   RO         5978    i.wizchip_cris_enter  wizchip_conf.o
    0x0800bf24   0x0800bf24   0x00000002   Code   RO         5979    i.wizchip_cris_exit  wizchip_conf.o
    0x0800bf26   0x0800bf26   0x00000002   Code   RO         5980    i.wizchip_cs_deselect  wizchip_conf.o
    0x0800bf28   0x0800bf28   0x00000002   Code   RO         5981    i.wizchip_cs_select  wizchip_conf.o
    0x0800bf2a   0x0800bf2a   0x0000001e   Code   RO         5982    i.wizchip_getinterrupt  wizchip_conf.o
    0x0800bf48   0x0800bf48   0x0000001c   Code   RO         5983    i.wizchip_getinterruptmask  wizchip_conf.o
    0x0800bf64   0x0800bf64   0x00000058   Code   RO         5984    i.wizchip_getnetinfo  wizchip_conf.o
    0x0800bfbc   0x0800bfbc   0x00000006   Code   RO         5985    i.wizchip_getnetmode  wizchip_conf.o
    0x0800bfc2   0x0800bfc2   0x00000028   Code   RO         5986    i.wizchip_gettimeout  wizchip_conf.o
    0x0800bfea   0x0800bfea   0x0000007a   Code   RO         5987    i.wizchip_init      wizchip_conf.o
    0x0800c064   0x0800c064   0x0000001c   Code   RO         5988    i.wizchip_setinterruptmask  wizchip_conf.o
    0x0800c080   0x0800c080   0x00000058   Code   RO         5989    i.wizchip_setnetinfo  wizchip_conf.o
    0x0800c0d8   0x0800c0d8   0x00000024   Code   RO         5990    i.wizchip_setnetmode  wizchip_conf.o
    0x0800c0fc   0x0800c0fc   0x00000028   Code   RO         5991    i.wizchip_settimeout  wizchip_conf.o
    0x0800c124   0x0800c124   0x00000004   Code   RO         5993    i.wizchip_spi_readbyte  wizchip_conf.o
    0x0800c128   0x0800c128   0x00000002   Code   RO         5995    i.wizchip_spi_writebyte  wizchip_conf.o
    0x0800c12a   0x0800c12a   0x00000074   Code   RO         5996    i.wizchip_sw_reset  wizchip_conf.o
    0x0800c19e   0x0800c19e   0x0000004e   Code   RO         5997    i.wizphy_getphyconf  wizchip_conf.o
    0x0800c1ec   0x0800c1ec   0x00000016   Code   RO         5998    i.wizphy_getphylink  wizchip_conf.o
    0x0800c202   0x0800c202   0x0000001a   Code   RO         5999    i.wizphy_getphypmode  wizchip_conf.o
    0x0800c21c   0x0800c21c   0x0000002a   Code   RO         6001    i.wizphy_reset      wizchip_conf.o
    0x0800c246   0x0800c246   0x0000004a   Code   RO         6002    i.wizphy_setphyconf  wizchip_conf.o
    0x0800c290   0x0800c290   0x00000050   Code   RO         6003    i.wizphy_setphypmode  wizchip_conf.o
    0x0800c2e0   0x0800c2e0   0x00000028   Code   RO         7661    i.writeCString      mqttpacket.o
    0x0800c308   0x0800c308   0x0000000c   Code   RO         7662    i.writeChar         mqttpacket.o
    0x0800c314   0x0800c314   0x0000001e   Code   RO         7663    i.writeInt          mqttpacket.o
    0x0800c332   0x0800c332   0x00000036   Code   RO         7664    i.writeMQTTString   mqttpacket.o
    0x0800c368   0x0800c368   0x000000f4   Code   RO         5450    i.xPortStartScheduler  port.o
    0x0800c45c   0x0800c45c   0x0000002c   Code   RO         5451    i.xPortSysTickHandler  port.o
    0x0800c488   0x0800c488   0x0000005a   Code   RO         4723    i.xTaskCreate       tasks.o
    0x0800c4e2   0x0800c4e2   0x00000056   Code   RO         4724    i.xTaskCreateStatic  tasks.o
    0x0800c538   0x0800c538   0x0000001c   Code   RO         4728    i.xTaskGetSchedulerState  tasks.o
    0x0800c554   0x0800c554   0x000000cc   Code   RO         4731    i.xTaskIncrementTick  tasks.o
    0x0800c620   0x0800c620   0x000000c4   Code   RO         4737    i.xTaskResumeAll    tasks.o
    0x0800c6e4   0x0800c6e4   0x00000040   Code   RO         7314    i.xt_task_init      xt_task.o
    0x0800c724   0x0800c724   0x00000038   Data   RO          364    .constdata          freertos.o
    0x0800c75c   0x0800c75c   0x00000008   Data   RO         1637    .constdata          stm32f4xx_hal_dma.o
    0x0800c764   0x0800c764   0x00000010   Data   RO         4189    .constdata          system_stm32f4xx.o
    0x0800c774   0x0800c774   0x00000008   Data   RO         4190    .constdata          system_stm32f4xx.o
    0x0800c77c   0x0800c77c   0x00000076   Data   RO         5683    .constdata          httputil.o
    0x0800c7f2   0x0800c7f2   0x00000002   PAD
    0x0800c7f4   0x0800c7f4   0x00000010   Data   RO         6004    .constdata          wizchip_conf.o
    0x0800c804   0x0800c804   0x00000007   Data   RO         6388    .constdata          cjson.o
    0x0800c80b   0x0800c80b   0x00000001   PAD
    0x0800c80c   0x0800c80c   0x00000058   Data   RO         6917    .constdata          mqtt_api.o
    0x0800c864   0x0800c864   0x00000800   Data   RO         7221    .constdata          ztn_mqtt.o
    0x0800d064   0x0800d064   0x00000038   Data   RO         7980    .constdata          board_config_set.o
    0x0800d09c   0x0800d09c   0x00000004   PAD
    0x0800d0a0   0x0800d0a0   0x00000088   Data   RO         8124    .constdata          m_wm.l(pow.o)
    0x0800d128   0x0800d128   0x00000008   Data   RO         8499    .constdata          m_wm.l(qnan.o)
    0x0800d130   0x0800d130   0x00000081   Data   RO         8562    .constdata          mc_w.l(ctype_o.o)
    0x0800d1b1   0x0800d1b1   0x00000003   PAD
    0x0800d1b4   0x0800d1b4   0x00000004   Data   RO         8563    .constdata          mc_w.l(ctype_o.o)
    0x0800d1b8   0x0800d1b8   0x00000018   Data   RO          365    .conststring        freertos.o
    0x0800d1d0   0x0800d1d0   0x00000093   Data   RO         5620    .conststring        http_server.o
    0x0800d263   0x0800d263   0x00000001   PAD
    0x0800d264   0x0800d264   0x000199b9   Data   RO         5684    .conststring        httputil.o
    0x08026c1d   0x08026c1d   0x00000003   PAD
    0x08026c20   0x08026c20   0x0000005c   Data   RO         7315    .conststring        xt_task.o
    0x08026c7c   0x08026c7c   0x0000002a   Data   RO         7981    .conststring        board_config_set.o
    0x08026ca6   0x08026ca6   0x00000002   PAD
    0x08026ca8   0x08026ca8   0x00000020   Data   RO         8595    Region$$Table       anon$$obj.o


    Execution Region RW_IRAM1 (Exec base: 0x20000000, Load base: 0x08026cc8, Size: 0x00012c30, Max: 0x00020000, ABSOLUTE, COMPRESSED[0x00000138])

    Exec Addr    Load Addr    Size         Type   Attr      Idx    E Section Name        Object

    0x20000000   COMPRESSED   0x00000050   Data   RW           19    .data               main.o
    0x20000050   COMPRESSED   0x00000008   Data   RW          366    .data               freertos.o
    0x20000058   COMPRESSED   0x0000000c   Data   RW          724    .data               stm32f4xx_it.o
    0x20000064   COMPRESSED   0x0000000c   Data   RW         2064    .data               stm32f4xx_hal.o
    0x20000070   COMPRESSED   0x00000004   Data   RW         4191    .data               system_stm32f4xx.o
    0x20000074   COMPRESSED   0x0000003c   Data   RW         4740    .data               tasks.o
    0x200000b0   COMPRESSED   0x00000020   Data   RW         5384    .data               heap_4.o
    0x200000d0   COMPRESSED   0x0000000c   Data   RW         5452    .data               port.o
    0x200000dc   COMPRESSED   0x00000038   Data   RW         5685    .data               httputil.o
    0x20000114   COMPRESSED   0x00000016   Data   RW         5808    .data               socket.o
    0x2000012a   COMPRESSED   0x00000002   PAD
    0x2000012c   COMPRESSED   0x0000004b   Data   RW         6005    .data               wizchip_conf.o
    0x20000177   COMPRESSED   0x00000001   PAD
    0x20000178   COMPRESSED   0x0000000c   Data   RW         6389    .data               cjson.o
    0x20000184   COMPRESSED   0x0000000c   Data   RW         6923    .data               mqtt_api.o
    0x20000190   COMPRESSED   0x00000004   Data   RW         7222    .data               ztn_mqtt.o
    0x20000194   COMPRESSED   0x00000004   Data   RW         7268    .data               modbus.o
    0x20000198   COMPRESSED   0x00000020   Data   RW         7317    .data               xt_task.o
    0x200001b8   COMPRESSED   0x00000004   Data   RW         7665    .data               mqttpacket.o
    0x200001bc   COMPRESSED   0x00000524   Data   RW         7897    .data               board_config.o
    0x200006e0   COMPRESSED   0x00000004   Data   RW         8167    .data               mc_w.l(strtok.o)
    0x200006e4   COMPRESSED   0x00000004   Data   RW         8528    .data               mc_w.l(stdout.o)
    0x200006e8   COMPRESSED   0x00000004   Data   RW         8537    .data               mc_w.l(mvars.o)
    0x200006ec   COMPRESSED   0x00000004   Data   RW         8538    .data               mc_w.l(mvars.o)
    0x200006f0   COMPRESSED   0x00000004   Data   RW         8542    .data               mc_w.l(errno.o)
    0x200006f4        -       0x00000246   Zero   RW           18    .bss                main.o
    0x2000093a   COMPRESSED   0x00000002   PAD
    0x2000093c        -       0x00000254   Zero   RW          363    .bss                freertos.o
    0x20000b90        -       0x00000048   Zero   RW          433    .bss                adc.o
    0x20000bd8        -       0x00000014   Zero   RW          475    .bss                dac.o
    0x20000bec        -       0x00000058   Zero   RW          541    .bss                spi.o
    0x20000c44        -       0x00000090   Zero   RW          584    .bss                tim.o
    0x20000cd4        -       0x000003b0   Zero   RW          635    .bss                usart.o
    0x20001084        -       0x000000f0   Zero   RW         4739    .bss                tasks.o
    0x20001174        -       0x00003c00   Zero   RW         5383    .bss                heap_4.o
    0x20004d74        -       0x000005b4   Zero   RW         5617    .bss                http_server.o
    0x20005328        -       0x000005b4   Zero   RW         5618    .bss                http_server.o
    0x200058dc        -       0x00000400   Zero   RW         5619    .bss                http_server.o
    0x20005cdc        -       0x00000810   Zero   RW         5805    .bss                socket.o
    0x200064ec        -       0x0000001c   Zero   RW         5903    .bss                w5500_conf.o
    0x20006508        -       0x00000400   Zero   RW         6916    .bss                mqtt_api.o
    0x20006908        -       0x00002290   Zero   RW         7220    .bss                ztn_mqtt.o
    0x20008b98        -       0x00001f30   Zero   RW         7896    .bss                board_config.o
    0x2000aac8        -       0x00000164   Zero   RW         7979    .bss                board_config_set.o
    0x2000ac2c   COMPRESSED   0x00000004   PAD
    0x2000ac30        -       0x00004000   Zero   RW            2    HEAP                startup_stm32f407xx.o
    0x2000ec30        -       0x00004000   Zero   RW            1    STACK               startup_stm32f407xx.o



  Load Region LR$$.ARM.__AT_0x10000000 (Base: 0x10000000, Size: 0x00000000, Max: 0x0000f000, ABSOLUTE)

    Execution Region ER$$.ARM.__AT_0x10000000 (Exec base: 0x10000000, Load base: 0x10000000, Size: 0x0000f000, Max: 0x0000f000, ABSOLUTE, UNINIT)

    Exec Addr    Load Addr    Size         Type   Attr      Idx    E Section Name        Object

    0x10000000        -       0x0000f000   Zero   RW         6819    .ARM.__AT_0x10000000  malloc.o



  Load Region LR$$.ARM.__AT_0x1000F000 (Base: 0x1000f000, Size: 0x00000000, Max: 0x00000f00, ABSOLUTE)

    Execution Region ER$$.ARM.__AT_0x1000F000 (Exec base: 0x1000f000, Load base: 0x1000f000, Size: 0x00000f00, Max: 0x00000f00, ABSOLUTE, UNINIT)

    Exec Addr    Load Addr    Size         Type   Attr      Idx    E Section Name        Object

    0x1000f000        -       0x00000f00   Zero   RW         6820    .ARM.__AT_0x1000F000  malloc.o



  Load Region LR$$.ARM.__AT_0xC01F4000 (Base: 0xc01f4000, Size: 0x00000000, Max: 0x01c3c000, ABSOLUTE)

    Execution Region ER$$.ARM.__AT_0xC01F4000 (Exec base: 0xc01f4000, Load base: 0xc01f4000, Size: 0x01c3c000, Max: 0x01c3c000, ABSOLUTE, UNINIT)

    Exec Addr    Load Addr    Size         Type   Attr      Idx    E Section Name        Object

    0xc01f4000        -       0x01c3c000   Zero   RW         6821    .ARM.__AT_0xC01F4000  malloc.o



  Load Region LR$$.ARM.__AT_0xC1E30000 (Base: 0xc1e30000, Size: 0x00000000, Max: 0x001c3c00, ABSOLUTE)

    Execution Region ER$$.ARM.__AT_0xC1E30000 (Exec base: 0xc1e30000, Load base: 0xc1e30000, Size: 0x001c3c00, Max: 0x001c3c00, ABSOLUTE, UNINIT)

    Exec Addr    Load Addr    Size         Type   Attr      Idx    E Section Name        Object

    0xc1e30000        -       0x001c3c00   Zero   RW         6822    .ARM.__AT_0xC1E30000  malloc.o


==============================================================================

Image component sizes


      Code (inc. data)   RO Data    RW Data    ZI Data      Debug   Object Name

       196         24          0          0         72       1625   adc.o
      1846        972          0       1316       7984       8615   board_config.o
       500        228         98          0        356       2784   board_config_set.o
      4500        282          7         12          0      24929   cjson.o
       106          0          0          0          0      22467   cmsis_os.o
       124         60          0          0          0       2361   config_handle_task.o
       156         22          0          0         20       1587   dac.o
        56          0          0          0          0       1204   delay.o
       156          4          0          0          0        818   dma.o
         0          0          0          0          0      16804   event_groups.o
       676         90          0          0          0       7693   flash.o
       100         10          0          0          0       2062   flash_if.o
        84         12         80          8        596       3323   freertos.o
       236         18          0          0          0        995   gpio.o
       472         24          0         32      15360       7271   heap_4.o
       940        466        147          0       3944       6825   http_server.o
      4716       1080     105007         56          0      16008   httputil.o
        90          0          0          0          0       2716   list.o
       432         74          0         80        582     753269   main.o
         0          0          0          0   31521536       1893   malloc.o
       174         52          0          4          0       1829   modbus.o
      2188        852         88         12       1024      11248   mqtt_api.o
       454         18          0          0          0       6103   mqttconnectclient.o
       140          0          0          0          0       1546   mqttdeserializepublish.o
       424         22          0          4          0       9320   mqttpacket.o
       250          0          0          0          0       4021   mqttserializepublish.o
       186          0          0          0          0       2446   mqttsubscribeclient.o
       702         72          0         12          0      10780   port.o
        52          0          0          0          0        741   rs485.o
      1764        158          0         22       2064       7980   socket.o
       196         22          0          0         88       1589   spi.o
        36          8        392          0      32768        816   startup_stm32f407xx.o
       180         28          0         12          0       9249   stm32f4xx_hal.o
       712         28          0          0          0       2803   stm32f4xx_hal_adc.o
       234         24          0          0          0      34418   stm32f4xx_hal_cortex.o
       110          0          0          0          0       1847   stm32f4xx_hal_dac.o
      1084         16          8          0          0       7166   stm32f4xx_hal_dma.o
       516         46          0          0          0       2771   stm32f4xx_hal_gpio.o
        56          4          0          0          0        826   stm32f4xx_hal_msp.o
      1348         76          0          0          0       5120   stm32f4xx_hal_rcc.o
      1212         18          0          0          0       6990   stm32f4xx_hal_spi.o
      1110         72          0          0          0       9877   stm32f4xx_hal_tim.o
       148         28          0          0          0       2373   stm32f4xx_hal_tim_ex.o
      2234         30          0          0          0      16477   stm32f4xx_hal_uart.o
       500        140          0         12          0      11901   stm32f4xx_it.o
         0          0          0          0          0        384   stream_buffer.o
        16          4         24          4          0       1067   system_stm32f4xx.o
      1148         68          0          0          0       3485   task_handle.o
      1360         98          0         60        240      18134   tasks.o
       308         24          0          0        144       2319   tim.o
      1160         98          0          0        944       6283   usart.o
       212          4          0          0          0       4530   utility.o
       756         18          0          0          0       6952   w5500.o
         0          0          0          0         28       2331   w5500_conf.o
      1836        160         16         75          0      31880   wizchip_conf.o
      2632       1004         92         32          0       6242   xt_task.o
       604        200       2048          4       8848       1849   ztn_mqtt.o

    ----------------------------------------------------------------------
     41492       6758     108052       1760   31596604    1140942   Object Totals
         0          0         32          0          0          0   (incl. Generated)
        64          0         13          3          6          0   (incl. Padding)

    ----------------------------------------------------------------------

      Code (inc. data)   RO Data    RW Data    ZI Data      Debug   Library Member Name

       164         44          0          0          0        620   dunder.o
        44          0          0          0          0        248   fabs.o
       280         28          0          0          0        156   floor.o
        48          0          0          0          0        124   fpclassify.o
       248          0          0          0          0        152   poly.o
      3152        296        136          0          0        352   pow.o
         0          0          8          0          0          0   qnan.o
       110          0          0          0          0        148   sqrt.o
        86          0          0          0          0          0   __dczerorl2.o
        28          0          0          0          0         68   _chval.o
       158          0          0          0          0         92   _strtoul.o
        26          0          0          0          0         80   atoi.o
         8          4        133          0          0         68   ctype_o.o
         0          0          0          0          0          0   entry.o
         0          0          0          0          0          0   entry10a.o
         0          0          0          0          0          0   entry11a.o
         4          0          0          0          0          0   entry12b.o
         8          4          0          0          0          0   entry2.o
         4          0          0          0          0          0   entry5.o
         0          0          0          0          0          0   entry7b.o
         0          0          0          0          0          0   entry8b.o
         8          4          0          0          0          0   entry9a.o
        20         10          0          4          0        136   errno.o
        30          0          0          0          0          0   handlers.o
        36          8          0          0          0         68   init.o
         0          0          0          0          0          0   iusefp.o
        30          0          0          0          0         68   llshl.o
        36          0          0          0          0         68   llsshr.o
        32          0          0          0          0         68   llushr.o
       188         20          0          0          0        160   malloc.o
        36          0          0          0          0         68   memcpya.o
        36          0          0          0          0        108   memseta.o
         0          0          0          8          0          0   mvars.o
      2268         96          0          0          0        616   printfa.o
         0          0          0          4          0          0   stdout.o
        24          0          0          0          0         68   strcat.o
        20          0          0          0          0         68   strchr.o
        28          0          0          0          0         76   strcmp.o
        18          0          0          0          0         68   strcpy.o
        14          0          0          0          0         68   strlen.o
        50          0          0          0          0         84   strncasecmp.o
        30          0          0          0          0         80   strncmp.o
        24          0          0          0          0         76   strncpy.o
        36          0          0          0          0         80   strstr.o
        68          6          0          4          0         80   strtok.o
       112          0          0          0          0         88   strtol.o
        12          0          0          0          0         68   tolower.o
        44          0          0          0          0         80   uidiv.o
        98          0          0          0          0         92   uldiv.o
        48          0          0          0          0         68   cdcmple.o
        48          0          0          0          0         68   cdrcmple.o
       334          0          0          0          0        148   dadd.o
       222          0          0          0          0        100   ddiv.o
       186          0          0          0          0        176   depilogue.o
        62          0          0          0          0         80   dfixi.o
        48          0          0          0          0         68   dfixul.o
        34          0          0          0          0         76   dflti.o
       228          0          0          0          0         96   dmul.o
        46          0          0          0          0         80   dscalb.o
       162          0          0          0          0        100   dsqrt.o

    ----------------------------------------------------------------------
      9096        520        280         20          0       5604   Library Totals
        12          0          3          0          0          0   (incl. Padding)

    ----------------------------------------------------------------------

      Code (inc. data)   RO Data    RW Data    ZI Data      Debug   Library Name

      4046        368        144          0          0       1800   m_wm.l
      3620        152        133         20          0       2744   mc_w.l
      1418          0          0          0          0       1060   mf_w.l

    ----------------------------------------------------------------------
      9096        520        280         20          0       5604   Library Totals

    ----------------------------------------------------------------------

==============================================================================


      Code (inc. data)   RO Data    RW Data    ZI Data      Debug   

     50588       7278     108332       1780   31596604    1109998   Grand Totals
     50588       7278     108332        312   31596604    1109998   ELF Image Totals (compressed)
     50588       7278     108332        312          0          0   ROM Totals

==============================================================================

    Total RO  Size (Code + RO Data)               158920 ( 155.20kB)
    Total RW  Size (RW Data + ZI Data)          31598384 (30857.80kB)
    Total ROM Size (Code + RO Data + RW Data)     159232 ( 155.50kB)

==============================================================================

