<html>
<body>
<pre>
<h1>礦ision Build Log</h1>
<h2>Tool Versions:</h2>
IDE-Version: μVision V5.38.0.0
Copyright (C) 2022 ARM Ltd and ARM Germany GmbH. All rights reserved.
License Information: 1 Administrator, 2, LIC=PE7DL-0I0LP-LQF0Q-NQXPF-PL128-VQCF3
 
Tool Versions:
Toolchain:       MDK-ARM Plus  Version: 5.38.0.0
Toolchain Path:  F:\keil\ARM\ARMCC\Bin
C Compiler:      Armcc.exe V5.06 update 7 (build 960)
Assembler:       Armasm.exe V5.06 update 7 (build 960)
Linker/Locator:  ArmLink.exe V5.06 update 7 (build 960)
Library Manager: ArmAr.exe V5.06 update 7 (build 960)
Hex Converter:   FromElf.exe V5.06 update 7 (build 960)
CPU DLL:         SARMCM3.DLL V5.38.0.0
Dialog DLL:      DCM.DLL V1.17.5.0
Target DLL:      STLink\ST-LINKIII-KEIL_SWO.dll V3.1.0.0
Dialog DLL:      TCM.DLL V1.56.4.0
 
<h2>Project:</h2>
F:\XT_DTU\XT_DTU\MDK-ARM\XT_DTU.uvprojx
Project File Date:  04/10/2024

<h2>Output:</h2>
*** Using Compiler 'V5.06 update 7 (build 960)', folder: 'F:\keil\ARM\ARMCC\Bin'
Rebuild target 'XT_DTU'
assembling startup_stm32f407xx.s...
compiling dma.c...
compiling tim.c...
compiling dac.c...
compiling spi.c...
compiling gpio.c...
compiling adc.c...
compiling stm32f4xx_ll_adc.c...
compiling usart.c...
../Core/Src/usart.c(80): warning:  #177-D: variable "uart1_rx_buffer"  was declared but never referenced
            uint8_t   uart1_rx_buffer[UART1_BUF_SIZE];
../Core/Src/usart.c: 1 warning, 0 errors
compiling stm32f4xx_hal_msp.c...
compiling stm32f4xx_it.c...
compiling main.c...
../APP/xt_task.h(32): warning:  #1-D: last line of file ends without a newline
  #endif   // XT_TASK__H
../Core/Src/main.c: 1 warning, 0 errors
compiling freertos.c...
compiling stm32f4xx_hal_adc.c...
compiling stm32f4xx_hal_adc_ex.c...
compiling stm32f4xx_hal_flash_ramfunc.c...
compiling stm32f4xx_hal_dma.c...
compiling stm32f4xx_hal_pwr.c...
compiling stm32f4xx_hal_flash_ex.c...
compiling stm32f4xx_hal_gpio.c...
compiling stm32f4xx_hal_dma_ex.c...
compiling stm32f4xx_hal_flash.c...
compiling stm32f4xx_hal_rcc_ex.c...
compiling stm32f4xx_hal_rcc.c...
compiling stm32f4xx_hal_pwr_ex.c...
compiling stm32f4xx_hal_cortex.c...
compiling croutine.c...
compiling list.c...
compiling event_groups.c...
compiling stream_buffer.c...
compiling queue.c...
compiling timers.c...
compiling tasks.c...
compiling heap_4.c...
compiling cmsis_os.c...
compiling w5500.c...
..\Ethernet\W5500\w5500.c(61): warning:  #177-D: variable "I_STATUS"  was declared but never referenced
  static uint8 I_STATUS[MAX_SOCK_NUM];
..\Ethernet\W5500\w5500.c: 1 warning, 0 errors
compiling port.c...
compiling http_server.c...
compiling stm32f4xx_hal.c...
compiling w5500_conf.c...
compiling stm32f4xx_hal_exti.c...
compiling system_stm32f4xx.c...
compiling stm32f4xx_hal_dac.c...
compiling stm32f4xx_hal_dac_ex.c...
compiling cJSON.c...
..\CJSON\cJSON.c(55): warning:  #1293-D: assignment in condition
        if (!(copy = (char*)cJSON_malloc(len))) return 0;
..\CJSON\cJSON.c(278): warning:  #1293-D: assignment in condition
  	ptr=str;while ((token=*ptr) && ++len) {if (strchr("\"\\\b\f\n\r\t",token)) len++; else if (token<32) len+=5;ptr++;}
..\CJSON\cJSON.c(352): warning:  #111-D: statement is unreachable
  	return p.buffer;
..\CJSON\cJSON.c(423): warning:  #1293-D: assignment in condition
  		if (!(new_item=cJSON_New_Item())) return 0; 	/* memory fail */
..\CJSON\cJSON.c(535): warning:  #1293-D: assignment in condition
  		if (!(new_item=cJSON_New_Item()))	return 0; /* memory fail */
..\CJSON\cJSON.c: 5 warnings, 0 errors
compiling stm32f4xx_hal_spi.c...
compiling stm32f4xx_hal_tim_ex.c...
compiling stm32f4xx_hal_uart.c...
compiling stm32f4xx_hal_tim.c...
compiling utility.c...
compiling httputil.c...
..\Ethernet\httputil.c(233): warning:  #177-D: variable "login"  was declared but never referenced
  	int8  login[40];
..\Ethernet\httputil.c(985): warning:  #940-D: missing return statement at end of non-void function "NetTaskDele" 
  }
..\Ethernet\httputil.c(46): warning:  #177-D: variable "Wevpage"  was declared but never referenced
  static const struct Webpage_Reg Wevpage[] ={								//	向http服务器功能注册页面
..\Ethernet\httputil.c: 3 warnings, 0 errors
compiling socket.c...
compiling wizchip_conf.c...
compiling dns.c...
compiling delay.c...
compiling MQTTConnectClient.c...
compiling MQTTConnectServer.c...
compiling flash.c...
compiling MQTTDeserializePublish.c...
compiling RS485.c...
compiling MQTTFormat.c...
..\Internet\MQTT\MQTTPacket\src\MQTTFormat.c(187): warning:  #550-D: variable "rc"  was set but never used
    int rc;
..\Internet\MQTT\MQTTPacket\src\MQTTFormat.c: 1 warning, 0 errors
compiling malloc.c...
compiling MQTTPacket.c...
compiling MQTTSerializePublish.c...
compiling Task_Handle.c...
compiling MQTTSubscribeClient.c...
compiling MQTTSubscribeServer.c...
compiling MQTTUnsubscribeClient.c...
compiling MQTTUnsubscribeServer.c...
compiling mqtt_api.c...
..\APP\mqtt_api.c(247): warning:  #68-D: integer conversion resulted in a change of sign
          return -1;
..\APP\mqtt_api.c(233): warning:  #177-D: variable "zero_flag"  was declared but never referenced
  	  static int zero_flag = 0;
..\APP\mqtt_api.c(234): warning:  #177-D: variable "tmp_str"  was declared but never referenced
  		char* tmp_str;
..\APP\mqtt_api.c: 3 warnings, 0 errors
compiling w5500api.c...
compiling IAP.c...
compiling modbus.c...
compiling ztn_mqtt.c...
..\APP\ztn_mqtt.c(230): warning:  #177-D: variable "tmp_str3"  was declared but never referenced
  		char* tmp_str3;
..\APP\ztn_mqtt.c(231): warning:  #177-D: variable "tmp_str4"  was declared but never referenced
  		char* tmp_str4;
..\APP\ztn_mqtt.c: 2 warnings, 0 errors
compiling xt_task.c...
..\APP\xt_task.h(32): warning:  #1-D: last line of file ends without a newline
  #endif   // XT_TASK__H
..\APP\xt_task.c(95): warning:  #111-D: statement is unreachable
  	return 1;
..\APP\xt_task.c(74): warning:  #177-D: variable "time_485"  was declared but never referenced
  		int time_485 = 0;
..\APP\xt_task.c(142): warning:  #940-D: missing return statement at end of non-void function "modbus_send" 
  }
..\APP\xt_task.c(281): warning:  #177-D: variable "try_times"  was declared but never referenced
  	uint8_t try_times=0;
..\APP\xt_task.c(305): warning:  #128-D: loop is not reachable
  	while(1){
..\APP\xt_task.c(324): warning:  #940-D: missing return statement at end of non-void function "DataCollect" 
  }
..\APP\xt_task.c: 7 warnings, 0 errors
compiling dhcp.c...
compiling config_handle_task.c...
compiling flash_if.c...
compiling board_config_set.c...
..\Config\board_config_set.c(29): warning:  #111-D: statement is unreachable
  		return 1;
..\Config\board_config_set.c: 1 warning, 0 errors
compiling board_config.c...
linking...
Program Size: Code=50588 RO-data=108332 RW-data=1780 ZI-data=31596604  
FromELF: creating hex file...
"XT_DTU\XT_DTU.axf" - 0 Error(s), 25 Warning(s).

<h2>Software Packages used:</h2>

Package Vendor: ARM
                http://www.keil.com/pack/ARM.CMSIS.5.9.0.pack
                ARM.CMSIS.5.9.0
                CMSIS (Common Microcontroller Software Interface Standard)
   * Component: CORE Version: 5.6.0

Package Vendor: GigaDevice
                https://gd32mcu.com/data/documents/pack/GigaDevice.GD32F4xx_DFP.3.0.3.pack
                GigaDevice.GD32F4xx_DFP.3.0.3
                GigaDevice GD32F4xx Series Device Support and Examples

<h2>Collection of Component include folders:</h2>
  ./RTE/_XT_DTU
  F:/keil/ARM/CMSIS/5.9.0/CMSIS/Core/Include
  F:/keil/GigaDevice/GD32F4xx_DFP/3.0.3/Device/F4XX/Include

<h2>Collection of Component Files used:</h2>

   * Component: ARM::CMSIS:CORE:5.6.0
Build Time Elapsed:  00:01:17
</pre>
</body>
</html>
